Archive member included to satisfy reference by file (symbol)

../reloj_bsp/\libhal_bsp.a(alt_load.o)
                              ../reloj_bsp//obj/HAL/src/crt0.o (alt_load)
../reloj_bsp/\libhal_bsp.a(alt_main.o)
                              ../reloj_bsp//obj/HAL/src/crt0.o (alt_main)
../reloj_bsp/\libhal_bsp.a(alt_sys_init.o)
                              ../reloj_bsp/\libhal_bsp.a(alt_main.o) (alt_irq_init)
../reloj_bsp/\libhal_bsp.a(alt_dcache_flush_all.o)
                              ../reloj_bsp/\libhal_bsp.a(alt_load.o) (alt_dcache_flush_all)
../reloj_bsp/\libhal_bsp.a(alt_dev.o)
                              ../reloj_bsp/\libhal_bsp.a(alt_sys_init.o) (alt_dev_list)
../reloj_bsp/\libhal_bsp.a(alt_dev_llist_insert.o)
                              ../reloj_bsp/\libhal_bsp.a(alt_sys_init.o) (alt_dev_llist_insert)
../reloj_bsp/\libhal_bsp.a(alt_errno.o)
                              ../reloj_bsp/\libhal_bsp.a(alt_dev_llist_insert.o) (alt_errno)
../reloj_bsp/\libhal_bsp.a(alt_icache_flush_all.o)
                              ../reloj_bsp/\libhal_bsp.a(alt_load.o) (alt_icache_flush_all)
../reloj_bsp/\libhal_bsp.a(altera_nios2_gen2_irq.o)
                              ../reloj_bsp/\libhal_bsp.a(alt_sys_init.o) (altera_nios2_gen2_irq_init)
c:/intelfpga_lite/18.1/nios2eds/bin/gnu/h-x86_64-mingw32/bin/../lib/gcc/nios2-elf/5.3.0/../../../../../H-x86_64-mingw32/nios2-elf/lib/mno-hw-mul\libsmallc.a(lib_a-int_errno.o)
                              ../reloj_bsp/\libhal_bsp.a(alt_dev_llist_insert.o) (errno)

Allocating common symbols
Common symbol       size              file

errno               0x4               c:/intelfpga_lite/18.1/nios2eds/bin/gnu/h-x86_64-mingw32/bin/../lib/gcc/nios2-elf/5.3.0/../../../../../H-x86_64-mingw32/nios2-elf/lib/mno-hw-mul\libsmallc.a(lib_a-int_errno.o)
audio_data          0x4               obj/default/hello_world_small.o
audio_control       0x4               obj/default/hello_world_small.o
audio_status        0x4               obj/default/hello_world_small.o
audio_address       0x4               obj/default/hello_world_small.o

Memory Configuration

Name             Origin             Length             Attributes
reset            0x0000000000000000 0x0000000000000020
MEMORY           0x0000000000000020 0x0000000000001fe0
*default*        0x0000000000000000 0xffffffffffffffff

Linker script and memory map

LOAD ../reloj_bsp//obj/HAL/src/crt0.o
LOAD obj/default/hello_world_small.o
LOAD c:/intelfpga_lite/18.1/nios2eds/bin/gnu/h-x86_64-mingw32/bin/../lib/gcc/nios2-elf/5.3.0/../../../../../H-x86_64-mingw32/nios2-elf/lib/mno-hw-mul\libstdc++.a
LOAD c:/intelfpga_lite/18.1/nios2eds/bin/gnu/h-x86_64-mingw32/bin/../lib/gcc/nios2-elf/5.3.0/../../../../../H-x86_64-mingw32/nios2-elf/lib/mno-hw-mul\libm.a
LOAD c:/intelfpga_lite/18.1/nios2eds/bin/gnu/h-x86_64-mingw32/bin/../lib/gcc/nios2-elf/5.3.0/mno-hw-mul\libgcc.a
START GROUP
LOAD c:/intelfpga_lite/18.1/nios2eds/bin/gnu/h-x86_64-mingw32/bin/../lib/gcc/nios2-elf/5.3.0/../../../../../H-x86_64-mingw32/nios2-elf/lib/mno-hw-mul\libsmallc.a
LOAD c:/intelfpga_lite/18.1/nios2eds/bin/gnu/h-x86_64-mingw32/bin/../lib/gcc/nios2-elf/5.3.0/mno-hw-mul\libgcc.a
LOAD ../reloj_bsp/\libhal_bsp.a
LOAD c:/intelfpga_lite/18.1/nios2eds/bin/gnu/h-x86_64-mingw32/bin/../lib/gcc/nios2-elf/5.3.0/../../../../../H-x86_64-mingw32/nios2-elf/lib/mno-hw-mul\libm.a
END GROUP
LOAD c:/intelfpga_lite/18.1/nios2eds/bin/gnu/h-x86_64-mingw32/bin/../lib/gcc/nios2-elf/5.3.0/mno-hw-mul\libgcc.a
                0x0000000000000000                __alt_mem_MEMORY = 0x0

.entry          0x0000000000000000       0x20
 *(.entry)
 .entry         0x0000000000000000       0x20 ../reloj_bsp//obj/HAL/src/crt0.o
                0x0000000000000000                __reset
                0x000000000000000c                _exit

.exceptions     0x0000000000000020        0x0
                0x0000000000000020                PROVIDE (__ram_exceptions_start, ABSOLUTE (.))
                0x0000000000000020                . = ALIGN (0x20)
 *(.irq)
 *(.exceptions.entry.label)
 *(.exceptions.entry.user)
 *(.exceptions.entry.ecc_fatal)
 *(.exceptions.entry)
 *(.exceptions.irqtest.user)
 *(.exceptions.irqtest)
 *(.exceptions.irqhandler.user)
 *(.exceptions.irqhandler)
 *(.exceptions.irqreturn.user)
 *(.exceptions.irqreturn)
 *(.exceptions.notirq.label)
 *(.exceptions.notirq.user)
 *(.exceptions.notirq)
 *(.exceptions.soft.user)
 *(.exceptions.soft)
 *(.exceptions.unknown.user)
 *(.exceptions.unknown)
 *(.exceptions.exit.label)
 *(.exceptions.exit.user)
 *(.exceptions.exit)
 *(.exceptions)
                0x0000000000000020                PROVIDE (__ram_exceptions_end, ABSOLUTE (.))
                0x0000000000000020                PROVIDE (__flash_exceptions_start, LOADADDR (.exceptions))

.text           0x0000000000000020      0x3a0
                [!provide]                        PROVIDE (stext, ABSOLUTE (.))
 *(.interp)
 *(.hash)
 *(.dynsym)
 *(.dynstr)
 *(.gnu.version)
 *(.gnu.version_d)
 *(.gnu.version_r)
 *(.rel.init)
 *(.rela.init)
 *(.rel.text .rel.text.* .rel.gnu.linkonce.t.*)
 *(.rela.text .rela.text.* .rela.gnu.linkonce.t.*)
 *(.rel.fini)
 *(.rela.fini)
 *(.rel.rodata .rel.rodata.* .rel.gnu.linkonce.r.*)
 *(.rela.rodata .rela.rodata.* .rela.gnu.linkonce.r.*)
 *(.rel.data .rel.data.* .rel.gnu.linkonce.d.*)
 *(.rela.data .rela.data.* .rela.gnu.linkonce.d.*)
 *(.rel.tdata .rel.tdata.* .rel.gnu.linkonce.td.*)
 *(.rela.tdata .rela.tdata.* .rela.gnu.linkonce.td.*)
 *(.rel.tbss .rel.tbss.* .rel.gnu.linkonce.tb.*)
 *(.rela.tbss .rela.tbss.* .rela.gnu.linkonce.tb.*)
 *(.rel.ctors)
 *(.rela.ctors)
 *(.rel.dtors)
 *(.rela.dtors)
 *(.rel.got)
 *(.rela.got)
 *(.rel.sdata .rel.sdata.* .rel.gnu.linkonce.s.*)
 *(.rela.sdata .rela.sdata.* .rela.gnu.linkonce.s.*)
 *(.rel.sbss .rel.sbss.* .rel.gnu.linkonce.sb.*)
 *(.rela.sbss .rela.sbss.* .rela.gnu.linkonce.sb.*)
 *(.rel.sdata2 .rel.sdata2.* .rel.gnu.linkonce.s2.*)
 *(.rela.sdata2 .rela.sdata2.* .rela.gnu.linkonce.s2.*)
 *(.rel.sbss2 .rel.sbss2.* .rel.gnu.linkonce.sb2.*)
 *(.rela.sbss2 .rela.sbss2.* .rela.gnu.linkonce.sb2.*)
 *(.rel.bss .rel.bss.* .rel.gnu.linkonce.b.*)
 *(.rela.bss .rela.bss.* .rela.gnu.linkonce.b.*)
 *(.rel.plt)
 *(.rela.plt)
 *(.rel.dyn)
 *(.init)
 *(.plt)
 *(.text .stub .text.* .gnu.linkonce.t.*)
 .text          0x0000000000000020       0x3c ../reloj_bsp//obj/HAL/src/crt0.o
                0x0000000000000020                _start
 .text          0x000000000000005c      0x124 obj/default/hello_world_small.o
                0x000000000000005c                wait
                0x0000000000000070                config_wm8731
                0x00000000000000c8                init_wm8731
 .text.startup  0x0000000000000180       0x54 obj/default/hello_world_small.o
                0x0000000000000180                main
 .text          0x00000000000001d4       0xe0 ../reloj_bsp/\libhal_bsp.a(alt_load.o)
                0x00000000000001d4                alt_load
 .text          0x00000000000002b4       0x2c ../reloj_bsp/\libhal_bsp.a(alt_main.o)
                0x00000000000002b4                alt_main
 .text          0x00000000000002e0       0x5c ../reloj_bsp/\libhal_bsp.a(alt_sys_init.o)
                0x00000000000002e0                alt_irq_init
                0x0000000000000300                alt_sys_init
 .text          0x000000000000033c        0x4 ../reloj_bsp/\libhal_bsp.a(alt_dcache_flush_all.o)
                0x000000000000033c                alt_dcache_flush_all
 .text          0x0000000000000340        0x8 ../reloj_bsp/\libhal_bsp.a(alt_dev.o)
 .text          0x0000000000000348       0x6c ../reloj_bsp/\libhal_bsp.a(alt_dev_llist_insert.o)
                0x0000000000000348                alt_dev_llist_insert
 .text          0x00000000000003b4        0x0 ../reloj_bsp/\libhal_bsp.a(alt_errno.o)
 .text          0x00000000000003b4        0x4 ../reloj_bsp/\libhal_bsp.a(alt_icache_flush_all.o)
                0x00000000000003b4                alt_icache_flush_all
 .text          0x00000000000003b8        0x8 ../reloj_bsp/\libhal_bsp.a(altera_nios2_gen2_irq.o)
                0x00000000000003b8                altera_nios2_gen2_irq_init
 .text          0x00000000000003c0        0x0 c:/intelfpga_lite/18.1/nios2eds/bin/gnu/h-x86_64-mingw32/bin/../lib/gcc/nios2-elf/5.3.0/../../../../../H-x86_64-mingw32/nios2-elf/lib/mno-hw-mul\libsmallc.a(lib_a-int_errno.o)
 *(.gnu.warning.*)
 *(.fini)
                [!provide]                        PROVIDE (__etext, ABSOLUTE (.))
                [!provide]                        PROVIDE (_etext, ABSOLUTE (.))
                [!provide]                        PROVIDE (etext, ABSOLUTE (.))
 *(.eh_frame_hdr)
                0x00000000000003c0                . = ALIGN (0x4)
                [!provide]                        PROVIDE (__preinit_array_start, ABSOLUTE (.))
 *(.preinit_array)
                [!provide]                        PROVIDE (__preinit_array_end, ABSOLUTE (.))
                [!provide]                        PROVIDE (__init_array_start, ABSOLUTE (.))
 *(.init_array)
                [!provide]                        PROVIDE (__init_array_end, ABSOLUTE (.))
                [!provide]                        PROVIDE (__fini_array_start, ABSOLUTE (.))
 *(.fini_array)
                [!provide]                        PROVIDE (__fini_array_end, ABSOLUTE (.))
 *(.eh_frame)
 *(.gcc_except_table .gcc_except_table.*)
 *(.dynamic)
                [!provide]                        PROVIDE (__CTOR_LIST__, ABSOLUTE (.))
 *(.ctors)
 *(SORT(.ctors.*))
                [!provide]                        PROVIDE (__CTOR_END__, ABSOLUTE (.))
                [!provide]                        PROVIDE (__DTOR_LIST__, ABSOLUTE (.))
 *(.dtors)
 *(SORT(.dtors.*))
                [!provide]                        PROVIDE (__DTOR_END__, ABSOLUTE (.))
 *(.jcr)
                0x00000000000003c0                . = ALIGN (0x4)

.rodata         0x00000000000003c0       0x2c
                0x00000000000003c0                PROVIDE (__ram_rodata_start, ABSOLUTE (.))
                0x00000000000003c0                . = ALIGN (0x4)
 *(.rodata .rodata.* .gnu.linkonce.r.*)
 .rodata.str1.4
                0x00000000000003c0       0x1e ../reloj_bsp/\libhal_bsp.a(alt_sys_init.o)
 *fill*         0x00000000000003de        0x2 
 .rodata.str1.4
                0x00000000000003e0        0xc ../reloj_bsp/\libhal_bsp.a(alt_dev.o)
                                          0xa (size before relaxing)
 *(.rodata1)
                0x00000000000003ec                . = ALIGN (0x4)
                0x00000000000003ec                PROVIDE (__ram_rodata_end, ABSOLUTE (.))
                0x00000000000003c0                PROVIDE (__flash_rodata_start, LOADADDR (.rodata))

.rwdata         0x00000000000003ec       0xd4 load address 0x00000000000004c0
                0x00000000000003ec                PROVIDE (__ram_rwdata_start, ABSOLUTE (.))
                0x00000000000003ec                . = ALIGN (0x4)
 *(.got.plt)
 *(.got)
 *(.data1)
 *(.data .data.* .gnu.linkonce.d.*)
 .data          0x00000000000003ec        0x0 ../reloj_bsp//obj/HAL/src/crt0.o
 .data          0x00000000000003ec        0x0 obj/default/hello_world_small.o
 .data          0x00000000000003ec        0x0 ../reloj_bsp/\libhal_bsp.a(alt_load.o)
 .data          0x00000000000003ec        0x0 ../reloj_bsp/\libhal_bsp.a(alt_main.o)
 .data          0x00000000000003ec       0x60 ../reloj_bsp/\libhal_bsp.a(alt_sys_init.o)
 .data          0x000000000000044c        0x0 ../reloj_bsp/\libhal_bsp.a(alt_dcache_flush_all.o)
 .data          0x000000000000044c       0x58 ../reloj_bsp/\libhal_bsp.a(alt_dev.o)
                0x000000000000044c                alt_fd_list
                0x000000000000047c                alt_dev_null
 .data          0x00000000000004a4        0x0 ../reloj_bsp/\libhal_bsp.a(alt_dev_llist_insert.o)
 .data          0x00000000000004a4        0x0 ../reloj_bsp/\libhal_bsp.a(alt_errno.o)
 .data          0x00000000000004a4        0x0 ../reloj_bsp/\libhal_bsp.a(alt_icache_flush_all.o)
 .data          0x00000000000004a4        0x0 ../reloj_bsp/\libhal_bsp.a(altera_nios2_gen2_irq.o)
 .data          0x00000000000004a4        0x0 c:/intelfpga_lite/18.1/nios2eds/bin/gnu/h-x86_64-mingw32/bin/../lib/gcc/nios2-elf/5.3.0/../../../../../H-x86_64-mingw32/nios2-elf/lib/mno-hw-mul\libsmallc.a(lib_a-int_errno.o)
                0x00000000000084a4                _gp = ABSOLUTE ((. + 0x8000))
                [!provide]                        PROVIDE (gp, _gp)
 *(.rwdata .rwdata.*)
 *(.sdata .sdata.* .gnu.linkonce.s.*)
 .sdata         0x00000000000004a4        0x4 ../reloj_bsp/\libhal_bsp.a(alt_sys_init.o)
                0x00000000000004a4                UART
 .sdata         0x00000000000004a8       0x14 ../reloj_bsp/\libhal_bsp.a(alt_dev.o)
                0x00000000000004a8                alt_max_fd
                0x00000000000004ac                alt_dev_list
                0x00000000000004b4                alt_fs_list
 .sdata         0x00000000000004bc        0x4 ../reloj_bsp/\libhal_bsp.a(alt_errno.o)
                0x00000000000004bc                alt_errno
 *(.sdata2 .sdata2.* .gnu.linkonce.s2.*)
                0x00000000000004c0                . = ALIGN (0x4)
                0x00000000000004c0                _edata = ABSOLUTE (.)
                [!provide]                        PROVIDE (edata, ABSOLUTE (.))
                0x00000000000004c0                PROVIDE (__ram_rwdata_end, ABSOLUTE (.))
                0x00000000000004c0                PROVIDE (__flash_rwdata_start, LOADADDR (.rwdata))

.bss            0x0000000000000594       0x20
                0x0000000000000594                __bss_start = ABSOLUTE (.)
                [!provide]                        PROVIDE (__sbss_start, ABSOLUTE (.))
                [!provide]                        PROVIDE (___sbss_start, ABSOLUTE (.))
 *(.dynsbss)
 *(.sbss .sbss.* .gnu.linkonce.sb.*)
 .sbss          0x0000000000000594       0x10 obj/default/hello_world_small.o
                0x0000000000000594                audio_data
                0x0000000000000598                audio_control
                0x000000000000059c                audio_status
                0x00000000000005a0                audio_address
 .sbss          0x00000000000005a4        0xc ../reloj_bsp/\libhal_bsp.a(alt_main.o)
                0x00000000000005a4                alt_envp
                0x00000000000005a8                alt_argv
                0x00000000000005ac                alt_argc
 .sbss          0x00000000000005b0        0x4 c:/intelfpga_lite/18.1/nios2eds/bin/gnu/h-x86_64-mingw32/bin/../lib/gcc/nios2-elf/5.3.0/../../../../../H-x86_64-mingw32/nios2-elf/lib/mno-hw-mul\libsmallc.a(lib_a-int_errno.o)
                0x00000000000005b0                errno
 *(.sbss2 .sbss2.* .gnu.linkonce.sb2.*)
 *(.scommon)
                [!provide]                        PROVIDE (__sbss_end, ABSOLUTE (.))
                [!provide]                        PROVIDE (___sbss_end, ABSOLUTE (.))
 *(.dynbss)
 *(.bss .bss.* .gnu.linkonce.b.*)
 .bss           0x00000000000005b4        0x0 ../reloj_bsp//obj/HAL/src/crt0.o
 .bss           0x00000000000005b4        0x0 obj/default/hello_world_small.o
 .bss           0x00000000000005b4        0x0 ../reloj_bsp/\libhal_bsp.a(alt_load.o)
 .bss           0x00000000000005b4        0x0 ../reloj_bsp/\libhal_bsp.a(alt_main.o)
 .bss           0x00000000000005b4        0x0 ../reloj_bsp/\libhal_bsp.a(alt_sys_init.o)
 .bss           0x00000000000005b4        0x0 ../reloj_bsp/\libhal_bsp.a(alt_dcache_flush_all.o)
 .bss           0x00000000000005b4        0x0 ../reloj_bsp/\libhal_bsp.a(alt_dev.o)
 .bss           0x00000000000005b4        0x0 ../reloj_bsp/\libhal_bsp.a(alt_dev_llist_insert.o)
 .bss           0x00000000000005b4        0x0 ../reloj_bsp/\libhal_bsp.a(alt_errno.o)
 .bss           0x00000000000005b4        0x0 ../reloj_bsp/\libhal_bsp.a(alt_icache_flush_all.o)
 .bss           0x00000000000005b4        0x0 ../reloj_bsp/\libhal_bsp.a(altera_nios2_gen2_irq.o)
 .bss           0x00000000000005b4        0x0 c:/intelfpga_lite/18.1/nios2eds/bin/gnu/h-x86_64-mingw32/bin/../lib/gcc/nios2-elf/5.3.0/../../../../../H-x86_64-mingw32/nios2-elf/lib/mno-hw-mul\libsmallc.a(lib_a-int_errno.o)
 *(COMMON)
                0x00000000000005b4                . = ALIGN (0x4)
                0x00000000000005b4                __bss_end = ABSOLUTE (.)

.MEMORY         0x00000000000005b4        0x0
                [!provide]                        PROVIDE (_alt_partition_MEMORY_start, ABSOLUTE (.))
 *(.MEMORY .MEMORY. MEMORY.*)
                0x00000000000005b4                . = ALIGN (0x4)
                [!provide]                        PROVIDE (_alt_partition_MEMORY_end, ABSOLUTE (.))
                0x00000000000005b4                _end = ABSOLUTE (.)
                0x00000000000005b4                end = ABSOLUTE (.)
                0x00000000000005b4                __alt_stack_base = ABSOLUTE (.)
                [!provide]                        PROVIDE (_alt_partition_MEMORY_load_addr, LOADADDR (.MEMORY))

.stab
 *(.stab)

.stabstr
 *(.stabstr)

.stab.excl
 *(.stab.excl)

.stab.exclstr
 *(.stab.exclstr)

.stab.index
 *(.stab.index)

.stab.indexstr
 *(.stab.indexstr)

.comment        0x0000000000000000       0x23
 *(.comment)
 .comment       0x0000000000000000       0x23 obj/default/hello_world_small.o
                                         0x24 (size before relaxing)
 .comment       0x0000000000000023       0x24 ../reloj_bsp/\libhal_bsp.a(alt_load.o)
 .comment       0x0000000000000023       0x24 ../reloj_bsp/\libhal_bsp.a(alt_main.o)
 .comment       0x0000000000000023       0x24 ../reloj_bsp/\libhal_bsp.a(alt_sys_init.o)
 .comment       0x0000000000000023       0x24 ../reloj_bsp/\libhal_bsp.a(alt_dcache_flush_all.o)
 .comment       0x0000000000000023       0x24 ../reloj_bsp/\libhal_bsp.a(alt_dev.o)
 .comment       0x0000000000000023       0x24 ../reloj_bsp/\libhal_bsp.a(alt_dev_llist_insert.o)
 .comment       0x0000000000000023       0x24 ../reloj_bsp/\libhal_bsp.a(alt_errno.o)
 .comment       0x0000000000000023       0x24 ../reloj_bsp/\libhal_bsp.a(alt_icache_flush_all.o)
 .comment       0x0000000000000023       0x24 ../reloj_bsp/\libhal_bsp.a(altera_nios2_gen2_irq.o)
 .comment       0x0000000000000023       0x24 c:/intelfpga_lite/18.1/nios2eds/bin/gnu/h-x86_64-mingw32/bin/../lib/gcc/nios2-elf/5.3.0/../../../../../H-x86_64-mingw32/nios2-elf/lib/mno-hw-mul\libsmallc.a(lib_a-int_errno.o)

.debug
 *(.debug)

.line
 *(.line)

.debug_srcinfo
 *(.debug_srcinfo)

.debug_sfnames
 *(.debug_sfnames)

.debug_aranges  0x0000000000000000      0x180
 *(.debug_aranges)
 .debug_aranges
                0x0000000000000000       0x28 ../reloj_bsp//obj/HAL/src/crt0.o
 .debug_aranges
                0x0000000000000028       0x28 obj/default/hello_world_small.o
 .debug_aranges
                0x0000000000000050       0x20 ../reloj_bsp/\libhal_bsp.a(alt_load.o)
 .debug_aranges
                0x0000000000000070       0x20 ../reloj_bsp/\libhal_bsp.a(alt_main.o)
 .debug_aranges
                0x0000000000000090       0x20 ../reloj_bsp/\libhal_bsp.a(alt_sys_init.o)
 .debug_aranges
                0x00000000000000b0       0x20 ../reloj_bsp/\libhal_bsp.a(alt_dcache_flush_all.o)
 .debug_aranges
                0x00000000000000d0       0x20 ../reloj_bsp/\libhal_bsp.a(alt_dev.o)
 .debug_aranges
                0x00000000000000f0       0x20 ../reloj_bsp/\libhal_bsp.a(alt_dev_llist_insert.o)
 .debug_aranges
                0x0000000000000110       0x18 ../reloj_bsp/\libhal_bsp.a(alt_errno.o)
 .debug_aranges
                0x0000000000000128       0x20 ../reloj_bsp/\libhal_bsp.a(alt_icache_flush_all.o)
 .debug_aranges
                0x0000000000000148       0x20 ../reloj_bsp/\libhal_bsp.a(altera_nios2_gen2_irq.o)
 .debug_aranges
                0x0000000000000168       0x18 c:/intelfpga_lite/18.1/nios2eds/bin/gnu/h-x86_64-mingw32/bin/../lib/gcc/nios2-elf/5.3.0/../../../../../H-x86_64-mingw32/nios2-elf/lib/mno-hw-mul\libsmallc.a(lib_a-int_errno.o)

.debug_pubnames
 *(.debug_pubnames)

.debug_info     0x0000000000000000     0x154f
 *(.debug_info .gnu.linkonce.wi.*)
 .debug_info    0x0000000000000000       0x7c ../reloj_bsp//obj/HAL/src/crt0.o
 .debug_info    0x000000000000007c      0x2e8 obj/default/hello_world_small.o
 .debug_info    0x0000000000000364      0x1c9 ../reloj_bsp/\libhal_bsp.a(alt_load.o)
 .debug_info    0x000000000000052d      0x18f ../reloj_bsp/\libhal_bsp.a(alt_main.o)
 .debug_info    0x00000000000006bc      0x53b ../reloj_bsp/\libhal_bsp.a(alt_sys_init.o)
 .debug_info    0x0000000000000bf7       0x92 ../reloj_bsp/\libhal_bsp.a(alt_dcache_flush_all.o)
 .debug_info    0x0000000000000c89      0x499 ../reloj_bsp/\libhal_bsp.a(alt_dev.o)
 .debug_info    0x0000000000001122      0x1b3 ../reloj_bsp/\libhal_bsp.a(alt_dev_llist_insert.o)
 .debug_info    0x00000000000012d5       0xa6 ../reloj_bsp/\libhal_bsp.a(alt_errno.o)
 .debug_info    0x000000000000137b       0x92 ../reloj_bsp/\libhal_bsp.a(alt_icache_flush_all.o)
 .debug_info    0x000000000000140d       0xb8 ../reloj_bsp/\libhal_bsp.a(altera_nios2_gen2_irq.o)
 .debug_info    0x00000000000014c5       0x8a c:/intelfpga_lite/18.1/nios2eds/bin/gnu/h-x86_64-mingw32/bin/../lib/gcc/nios2-elf/5.3.0/../../../../../H-x86_64-mingw32/nios2-elf/lib/mno-hw-mul\libsmallc.a(lib_a-int_errno.o)

.debug_abbrev   0x0000000000000000      0x85c
 *(.debug_abbrev)
 .debug_abbrev  0x0000000000000000       0x12 ../reloj_bsp//obj/HAL/src/crt0.o
 .debug_abbrev  0x0000000000000012      0x12a obj/default/hello_world_small.o
 .debug_abbrev  0x000000000000013c       0xd8 ../reloj_bsp/\libhal_bsp.a(alt_load.o)
 .debug_abbrev  0x0000000000000214       0xf5 ../reloj_bsp/\libhal_bsp.a(alt_main.o)
 .debug_abbrev  0x0000000000000309      0x1e2 ../reloj_bsp/\libhal_bsp.a(alt_sys_init.o)
 .debug_abbrev  0x00000000000004eb       0x42 ../reloj_bsp/\libhal_bsp.a(alt_dcache_flush_all.o)
 .debug_abbrev  0x000000000000052d       0xd9 ../reloj_bsp/\libhal_bsp.a(alt_dev.o)
 .debug_abbrev  0x0000000000000606      0x11c ../reloj_bsp/\libhal_bsp.a(alt_dev_llist_insert.o)
 .debug_abbrev  0x0000000000000722       0x5a ../reloj_bsp/\libhal_bsp.a(alt_errno.o)
 .debug_abbrev  0x000000000000077c       0x42 ../reloj_bsp/\libhal_bsp.a(alt_icache_flush_all.o)
 .debug_abbrev  0x00000000000007be       0x67 ../reloj_bsp/\libhal_bsp.a(altera_nios2_gen2_irq.o)
 .debug_abbrev  0x0000000000000825       0x37 c:/intelfpga_lite/18.1/nios2eds/bin/gnu/h-x86_64-mingw32/bin/../lib/gcc/nios2-elf/5.3.0/../../../../../H-x86_64-mingw32/nios2-elf/lib/mno-hw-mul\libsmallc.a(lib_a-int_errno.o)

.debug_line     0x0000000000000000      0x84f
 *(.debug_line)
 .debug_line    0x0000000000000000       0x66 ../reloj_bsp//obj/HAL/src/crt0.o
 .debug_line    0x0000000000000066      0x114 obj/default/hello_world_small.o
 .debug_line    0x000000000000017a       0xa4 ../reloj_bsp/\libhal_bsp.a(alt_load.o)
 .debug_line    0x000000000000021e       0xea ../reloj_bsp/\libhal_bsp.a(alt_main.o)
 .debug_line    0x0000000000000308      0x1a1 ../reloj_bsp/\libhal_bsp.a(alt_sys_init.o)
 .debug_line    0x00000000000004a9       0x4e ../reloj_bsp/\libhal_bsp.a(alt_dcache_flush_all.o)
 .debug_line    0x00000000000004f7       0xf6 ../reloj_bsp/\libhal_bsp.a(alt_dev.o)
 .debug_line    0x00000000000005ed       0xd8 ../reloj_bsp/\libhal_bsp.a(alt_dev_llist_insert.o)
 .debug_line    0x00000000000006c5       0x51 ../reloj_bsp/\libhal_bsp.a(alt_errno.o)
 .debug_line    0x0000000000000716       0x4e ../reloj_bsp/\libhal_bsp.a(alt_icache_flush_all.o)
 .debug_line    0x0000000000000764       0x8c ../reloj_bsp/\libhal_bsp.a(altera_nios2_gen2_irq.o)
 .debug_line    0x00000000000007f0       0x5f c:/intelfpga_lite/18.1/nios2eds/bin/gnu/h-x86_64-mingw32/bin/../lib/gcc/nios2-elf/5.3.0/../../../../../H-x86_64-mingw32/nios2-elf/lib/mno-hw-mul\libsmallc.a(lib_a-int_errno.o)

.debug_frame    0x0000000000000000      0x1d8
 *(.debug_frame)
 .debug_frame   0x0000000000000000       0x84 obj/default/hello_world_small.o
 .debug_frame   0x0000000000000084       0x30 ../reloj_bsp/\libhal_bsp.a(alt_load.o)
 .debug_frame   0x00000000000000b4       0x2c ../reloj_bsp/\libhal_bsp.a(alt_main.o)
 .debug_frame   0x00000000000000e0       0x4c ../reloj_bsp/\libhal_bsp.a(alt_sys_init.o)
 .debug_frame   0x000000000000012c       0x20 ../reloj_bsp/\libhal_bsp.a(alt_dcache_flush_all.o)
 .debug_frame   0x000000000000014c       0x20 ../reloj_bsp/\libhal_bsp.a(alt_dev.o)
 .debug_frame   0x000000000000016c       0x2c ../reloj_bsp/\libhal_bsp.a(alt_dev_llist_insert.o)
 .debug_frame   0x0000000000000198       0x20 ../reloj_bsp/\libhal_bsp.a(alt_icache_flush_all.o)
 .debug_frame   0x00000000000001b8       0x20 ../reloj_bsp/\libhal_bsp.a(altera_nios2_gen2_irq.o)

.debug_str      0x0000000000000000      0x8f5
 *(.debug_str)
 .debug_str     0x0000000000000000      0x1c7 obj/default/hello_world_small.o
                                        0x20a (size before relaxing)
 .debug_str     0x00000000000001c7      0x15b ../reloj_bsp/\libhal_bsp.a(alt_load.o)
                                        0x24a (size before relaxing)
 .debug_str     0x0000000000000322       0x5e ../reloj_bsp/\libhal_bsp.a(alt_main.o)
                                        0x1ec (size before relaxing)
 .debug_str     0x0000000000000380      0x255 ../reloj_bsp/\libhal_bsp.a(alt_sys_init.o)
                                        0x41a (size before relaxing)
 .debug_str     0x00000000000005d5       0x1f ../reloj_bsp/\libhal_bsp.a(alt_dcache_flush_all.o)
                                        0x163 (size before relaxing)
 .debug_str     0x00000000000005f4      0x12c ../reloj_bsp/\libhal_bsp.a(alt_dev.o)
                                        0x313 (size before relaxing)
 .debug_str     0x0000000000000720       0x4e ../reloj_bsp/\libhal_bsp.a(alt_dev_llist_insert.o)
                                        0x1da (size before relaxing)
 .debug_str     0x000000000000076e       0x14 ../reloj_bsp/\libhal_bsp.a(alt_errno.o)
                                        0x153 (size before relaxing)
 .debug_str     0x0000000000000782       0x1f ../reloj_bsp/\libhal_bsp.a(alt_icache_flush_all.o)
                                        0x163 (size before relaxing)
 .debug_str     0x00000000000007a1       0x20 ../reloj_bsp/\libhal_bsp.a(altera_nios2_gen2_irq.o)
                                        0x193 (size before relaxing)
 .debug_str     0x00000000000007c1      0x134 c:/intelfpga_lite/18.1/nios2eds/bin/gnu/h-x86_64-mingw32/bin/../lib/gcc/nios2-elf/5.3.0/../../../../../H-x86_64-mingw32/nios2-elf/lib/mno-hw-mul\libsmallc.a(lib_a-int_errno.o)
                                        0x1d8 (size before relaxing)

.debug_loc      0x0000000000000000       0xf9
 *(.debug_loc)
 .debug_loc     0x0000000000000000       0x42 obj/default/hello_world_small.o
 .debug_loc     0x0000000000000042       0x39 ../reloj_bsp/\libhal_bsp.a(alt_sys_init.o)
 .debug_loc     0x000000000000007b       0x7e ../reloj_bsp/\libhal_bsp.a(alt_dev_llist_insert.o)

.debug_macinfo
 *(.debug_macinfo)

.debug_weaknames
 *(.debug_weaknames)

.debug_funcnames
 *(.debug_funcnames)

.debug_typenames
 *(.debug_typenames)

.debug_varnames
 *(.debug_varnames)

.debug_alt_sim_info
                0x0000000000000000       0x10
 *(.debug_alt_sim_info)
 .debug_alt_sim_info
                0x0000000000000000       0x10 ../reloj_bsp//obj/HAL/src/crt0.o
                0x0000000000002000                __alt_data_end = 0x2000
                0x0000000000002000                PROVIDE (__alt_stack_pointer, __alt_data_end)
                [!provide]                        PROVIDE (__alt_stack_limit, __alt_stack_base)
                [!provide]                        PROVIDE (__alt_heap_start, end)
                [!provide]                        PROVIDE (__alt_heap_limit, 0x2000)
OUTPUT(reloj.elf elf32-littlenios2)

.debug_ranges   0x0000000000000000       0xd0
 .debug_ranges  0x0000000000000000       0x20 ../reloj_bsp//obj/HAL/src/crt0.o
 .debug_ranges  0x0000000000000020       0x18 obj/default/hello_world_small.o
 .debug_ranges  0x0000000000000038       0x48 ../reloj_bsp/\libhal_bsp.a(alt_load.o)
 .debug_ranges  0x0000000000000080       0x30 ../reloj_bsp/\libhal_bsp.a(alt_sys_init.o)
 .debug_ranges  0x00000000000000b0       0x20 ../reloj_bsp/\libhal_bsp.a(alt_dev_llist_insert.o)
