Archive member included to satisfy reference by file (symbol)

c:/intelfpga_lite/18.1/nios2eds/bin/gnu/h-x86_64-mingw32/bin/../lib/gcc/nios2-elf/5.3.0/mno-hw-mul\libgcc.a(lib2-divmod.o)
                              obj/default/hello_world_small.o (__divsi3)
c:/intelfpga_lite/18.1/nios2eds/bin/gnu/h-x86_64-mingw32/bin/../lib/gcc/nios2-elf/5.3.0/mno-hw-mul\libgcc.a(lib2-mul.o)
                              obj/default/hello_world_small.o (__mulsi3)
c:/intelfpga_lite/18.1/nios2eds/bin/gnu/h-x86_64-mingw32/bin/../lib/gcc/nios2-elf/5.3.0/../../../../../H-x86_64-mingw32/nios2-elf/lib/mno-hw-mul\libsmallc.a(lib_a-strlen.o)
                              obj/default/hello_world_small.o (strlen)
../reloj_bsp/\libhal_bsp.a(alt_irq_register.o)
                              obj/default/hello_world_small.o (alt_irq_register)
../reloj_bsp/\libhal_bsp.a(alt_irq_vars.o)
                              ../reloj_bsp/\libhal_bsp.a(alt_irq_register.o) (alt_irq_active)
../reloj_bsp/\libhal_bsp.a(alt_load.o)
                              ../reloj_bsp//obj/HAL/src/crt0.o (alt_load)
../reloj_bsp/\libhal_bsp.a(alt_main.o)
                              ../reloj_bsp//obj/HAL/src/crt0.o (alt_main)
../reloj_bsp/\libhal_bsp.a(alt_printf.o)
                              obj/default/hello_world_small.o (alt_printf)
../reloj_bsp/\libhal_bsp.a(alt_putchar.o)
                              ../reloj_bsp/\libhal_bsp.a(alt_printf.o) (alt_putchar)
../reloj_bsp/\libhal_bsp.a(alt_putstr.o)
                              obj/default/hello_world_small.o (alt_putstr)
../reloj_bsp/\libhal_bsp.a(alt_sys_init.o)
                              ../reloj_bsp/\libhal_bsp.a(alt_main.o) (alt_irq_init)
../reloj_bsp/\libhal_bsp.a(altera_avalon_jtag_uart_write.o)
                              ../reloj_bsp/\libhal_bsp.a(alt_putchar.o) (altera_avalon_jtag_uart_write)
../reloj_bsp/\libhal_bsp.a(altera_up_avalon_video_character_buffer_with_dma.o)
                              ../reloj_bsp/\libhal_bsp.a(alt_sys_init.o) (alt_up_char_buffer_init)
../reloj_bsp/\libhal_bsp.a(alt_dcache_flush_all.o)
                              ../reloj_bsp/\libhal_bsp.a(alt_load.o) (alt_dcache_flush_all)
../reloj_bsp/\libhal_bsp.a(alt_dev.o)
                              ../reloj_bsp/\libhal_bsp.a(alt_sys_init.o) (alt_dev_list)
../reloj_bsp/\libhal_bsp.a(alt_dev_llist_insert.o)
                              ../reloj_bsp/\libhal_bsp.a(alt_sys_init.o) (alt_dev_llist_insert)
../reloj_bsp/\libhal_bsp.a(alt_errno.o)
                              ../reloj_bsp/\libhal_bsp.a(alt_dev_llist_insert.o) (alt_errno)
../reloj_bsp/\libhal_bsp.a(alt_find_dev.o)
                              ../reloj_bsp/\libhal_bsp.a(altera_up_avalon_video_character_buffer_with_dma.o) (alt_find_dev)
../reloj_bsp/\libhal_bsp.a(alt_icache_flush_all.o)
                              ../reloj_bsp/\libhal_bsp.a(alt_load.o) (alt_icache_flush_all)
../reloj_bsp/\libhal_bsp.a(alt_irq_entry.o)
                              ../reloj_bsp/\libhal_bsp.a(alt_irq_register.o) (alt_irq_entry)
../reloj_bsp/\libhal_bsp.a(alt_irq_handler.o)
                              ../reloj_bsp/\libhal_bsp.a(alt_irq_register.o) (alt_irq_handler)
../reloj_bsp/\libhal_bsp.a(altera_nios2_gen2_irq.o)
                              ../reloj_bsp/\libhal_bsp.a(alt_sys_init.o) (altera_nios2_gen2_irq_init)
../reloj_bsp/\libhal_bsp.a(alt_exception_entry.o)
                              ../reloj_bsp/\libhal_bsp.a(alt_irq_entry.o) (alt_exception)
../reloj_bsp/\libhal_bsp.a(alt_instruction_exception_entry.o)
                              ../reloj_bsp/\libhal_bsp.a(alt_exception_entry.o) (alt_instruction_exception_entry)
c:/intelfpga_lite/18.1/nios2eds/bin/gnu/h-x86_64-mingw32/bin/../lib/gcc/nios2-elf/5.3.0/../../../../../H-x86_64-mingw32/nios2-elf/lib/mno-hw-mul\libsmallc.a(lib_a-int_errno.o)
                              ../reloj_bsp/\libhal_bsp.a(alt_dev_llist_insert.o) (errno)
c:/intelfpga_lite/18.1/nios2eds/bin/gnu/h-x86_64-mingw32/bin/../lib/gcc/nios2-elf/5.3.0/../../../../../H-x86_64-mingw32/nios2-elf/lib/mno-hw-mul\libsmallc.a(lib_a-memcmp.o)
                              ../reloj_bsp/\libhal_bsp.a(alt_find_dev.o) (memcmp)
c:/intelfpga_lite/18.1/nios2eds/bin/gnu/h-x86_64-mingw32/bin/../lib/gcc/nios2-elf/5.3.0/../../../../../H-x86_64-mingw32/nios2-elf/lib/mno-hw-mul\libsmallc.a(lib_a-strcmp.o)
                              ../reloj_bsp/\libhal_bsp.a(altera_up_avalon_video_character_buffer_with_dma.o) (strcmp)

Allocating common symbols
Common symbol       size              file

alt_irq             0x100             ../reloj_bsp/\libhal_bsp.a(alt_irq_handler.o)
errno               0x4               c:/intelfpga_lite/18.1/nios2eds/bin/gnu/h-x86_64-mingw32/bin/../lib/gcc/nios2-elf/5.3.0/../../../../../H-x86_64-mingw32/nios2-elf/lib/mno-hw-mul\libsmallc.a(lib_a-int_errno.o)
metadata            0x100             obj/default/hello_world_small.o

Memory Configuration

Name             Origin             Length             Attributes
reset            0x0000000000000000 0x0000000000000020
MEMORY           0x0000000000000020 0x0000000000001fe0
*default*        0x0000000000000000 0xffffffffffffffff

Linker script and memory map

LOAD ../reloj_bsp//obj/HAL/src/crt0.o
LOAD obj/default/hello_world_small.o
LOAD c:/intelfpga_lite/18.1/nios2eds/bin/gnu/h-x86_64-mingw32/bin/../lib/gcc/nios2-elf/5.3.0/../../../../../H-x86_64-mingw32/nios2-elf/lib/mno-hw-mul\libstdc++.a
LOAD c:/intelfpga_lite/18.1/nios2eds/bin/gnu/h-x86_64-mingw32/bin/../lib/gcc/nios2-elf/5.3.0/../../../../../H-x86_64-mingw32/nios2-elf/lib/mno-hw-mul\libm.a
LOAD c:/intelfpga_lite/18.1/nios2eds/bin/gnu/h-x86_64-mingw32/bin/../lib/gcc/nios2-elf/5.3.0/mno-hw-mul\libgcc.a
START GROUP
LOAD c:/intelfpga_lite/18.1/nios2eds/bin/gnu/h-x86_64-mingw32/bin/../lib/gcc/nios2-elf/5.3.0/../../../../../H-x86_64-mingw32/nios2-elf/lib/mno-hw-mul\libsmallc.a
LOAD c:/intelfpga_lite/18.1/nios2eds/bin/gnu/h-x86_64-mingw32/bin/../lib/gcc/nios2-elf/5.3.0/mno-hw-mul\libgcc.a
LOAD ../reloj_bsp/\libhal_bsp.a
LOAD c:/intelfpga_lite/18.1/nios2eds/bin/gnu/h-x86_64-mingw32/bin/../lib/gcc/nios2-elf/5.3.0/../../../../../H-x86_64-mingw32/nios2-elf/lib/mno-hw-mul\libm.a
END GROUP
LOAD c:/intelfpga_lite/18.1/nios2eds/bin/gnu/h-x86_64-mingw32/bin/../lib/gcc/nios2-elf/5.3.0/mno-hw-mul\libgcc.a
                0x0000000000000000                __alt_mem_MEMORY = 0x0

.entry          0x0000000000000000       0x20
 *(.entry)
 .entry         0x0000000000000000       0x20 ../reloj_bsp//obj/HAL/src/crt0.o
                0x0000000000000000                __reset
                0x000000000000000c                _exit

.exceptions     0x0000000000000020      0x160
                0x0000000000000020                PROVIDE (__ram_exceptions_start, ABSOLUTE (.))
                0x0000000000000020                . = ALIGN (0x20)
 *(.irq)
 *(.exceptions.entry.label)
 .exceptions.entry.label
                0x0000000000000020        0x0 ../reloj_bsp/\libhal_bsp.a(alt_irq_entry.o)
                0x0000000000000020                alt_irq_entry
 .exceptions.entry.label
                0x0000000000000020        0x0 ../reloj_bsp/\libhal_bsp.a(alt_exception_entry.o)
                0x0000000000000020                alt_exception
 *(.exceptions.entry.user)
 *(.exceptions.entry.ecc_fatal)
 *(.exceptions.entry)
 .exceptions.entry
                0x0000000000000020       0x54 ../reloj_bsp/\libhal_bsp.a(alt_exception_entry.o)
 *(.exceptions.irqtest.user)
 *(.exceptions.irqtest)
 .exceptions.irqtest
                0x0000000000000074       0x10 ../reloj_bsp/\libhal_bsp.a(alt_irq_entry.o)
 *(.exceptions.irqhandler.user)
 *(.exceptions.irqhandler)
 .exceptions.irqhandler
                0x0000000000000084        0x4 ../reloj_bsp/\libhal_bsp.a(alt_irq_entry.o)
 *(.exceptions.irqreturn.user)
 *(.exceptions.irqreturn)
 .exceptions.irqreturn
                0x0000000000000088        0x4 ../reloj_bsp/\libhal_bsp.a(alt_irq_entry.o)
 *(.exceptions.notirq.label)
 .exceptions.notirq.label
                0x000000000000008c        0x0 ../reloj_bsp/\libhal_bsp.a(alt_irq_entry.o)
 *(.exceptions.notirq.user)
 *(.exceptions.notirq)
 .exceptions.notirq
                0x000000000000008c        0x8 ../reloj_bsp/\libhal_bsp.a(alt_exception_entry.o)
 *(.exceptions.soft.user)
 *(.exceptions.soft)
 *(.exceptions.unknown.user)
 *(.exceptions.unknown)
 .exceptions.unknown
                0x0000000000000094       0x14 ../reloj_bsp/\libhal_bsp.a(alt_exception_entry.o)
 *(.exceptions.exit.label)
 .exceptions.exit.label
                0x00000000000000a8        0x0 ../reloj_bsp/\libhal_bsp.a(alt_irq_entry.o)
 .exceptions.exit.label
                0x00000000000000a8        0x0 ../reloj_bsp/\libhal_bsp.a(alt_exception_entry.o)
 *(.exceptions.exit.user)
 *(.exceptions.exit)
 .exceptions.exit
                0x00000000000000a8       0x54 ../reloj_bsp/\libhal_bsp.a(alt_exception_entry.o)
 *(.exceptions)
 .exceptions    0x00000000000000fc       0x60 ../reloj_bsp/\libhal_bsp.a(alt_irq_handler.o)
                0x00000000000000fc                alt_irq_handler
 .exceptions    0x000000000000015c       0x24 ../reloj_bsp/\libhal_bsp.a(alt_instruction_exception_entry.o)
                0x000000000000015c                alt_instruction_exception_entry
                0x0000000000000180                PROVIDE (__ram_exceptions_end, ABSOLUTE (.))
                0x0000000000000020                PROVIDE (__flash_exceptions_start, LOADADDR (.exceptions))

.text           0x0000000000000180      0xdbc
                [!provide]                        PROVIDE (stext, ABSOLUTE (.))
 *(.interp)
 *(.hash)
 *(.dynsym)
 *(.dynstr)
 *(.gnu.version)
 *(.gnu.version_d)
 *(.gnu.version_r)
 *(.rel.init)
 *(.rela.init)
 *(.rel.text .rel.text.* .rel.gnu.linkonce.t.*)
 *(.rela.text .rela.text.* .rela.gnu.linkonce.t.*)
 *(.rel.fini)
 *(.rela.fini)
 *(.rel.rodata .rel.rodata.* .rel.gnu.linkonce.r.*)
 *(.rela.rodata .rela.rodata.* .rela.gnu.linkonce.r.*)
 *(.rel.data .rel.data.* .rel.gnu.linkonce.d.*)
 *(.rela.data .rela.data.* .rela.gnu.linkonce.d.*)
 *(.rel.tdata .rel.tdata.* .rel.gnu.linkonce.td.*)
 *(.rela.tdata .rela.tdata.* .rela.gnu.linkonce.td.*)
 *(.rel.tbss .rel.tbss.* .rel.gnu.linkonce.tb.*)
 *(.rela.tbss .rela.tbss.* .rela.gnu.linkonce.tb.*)
 *(.rel.ctors)
 *(.rela.ctors)
 *(.rel.dtors)
 *(.rela.dtors)
 *(.rel.got)
 *(.rela.got)
 *(.rel.sdata .rel.sdata.* .rel.gnu.linkonce.s.*)
 *(.rela.sdata .rela.sdata.* .rela.gnu.linkonce.s.*)
 *(.rel.sbss .rel.sbss.* .rel.gnu.linkonce.sb.*)
 *(.rela.sbss .rela.sbss.* .rela.gnu.linkonce.sb.*)
 *(.rel.sdata2 .rel.sdata2.* .rel.gnu.linkonce.s2.*)
 *(.rela.sdata2 .rela.sdata2.* .rela.gnu.linkonce.s2.*)
 *(.rel.sbss2 .rel.sbss2.* .rel.gnu.linkonce.sb2.*)
 *(.rela.sbss2 .rela.sbss2.* .rela.gnu.linkonce.sb2.*)
 *(.rel.bss .rel.bss.* .rel.gnu.linkonce.b.*)
 *(.rela.bss .rela.bss.* .rela.gnu.linkonce.b.*)
 *(.rel.plt)
 *(.rela.plt)
 *(.rel.dyn)
 *(.init)
 *(.plt)
 *(.text .stub .text.* .gnu.linkonce.t.*)
 .text          0x0000000000000180       0x3c ../reloj_bsp//obj/HAL/src/crt0.o
                0x0000000000000180                _start
 .text          0x00000000000001bc      0x31c obj/default/hello_world_small.o
                0x00000000000001bc                timer_isr_handler
                0x0000000000000210                button_isr_handler
                0x0000000000000254                vga_clear
                0x0000000000000268                vga_enable
                0x000000000000027c                vga_write_char
                0x00000000000002c4                delay
                0x00000000000002f4                message_to_vga
                0x00000000000003a4                segmentos
                0x00000000000003cc                mostrar_duracion
                0x0000000000000474                receive_metadata
                0x00000000000004c4                receive_audio_data
 .text.startup  0x00000000000004d8       0xf0 obj/default/hello_world_small.o
                0x00000000000004d8                main
 .text          0x00000000000005c8      0x1b4 c:/intelfpga_lite/18.1/nios2eds/bin/gnu/h-x86_64-mingw32/bin/../lib/gcc/nios2-elf/5.3.0/mno-hw-mul\libgcc.a(lib2-divmod.o)
                0x00000000000005c8                __divsi3
                0x000000000000064c                __modsi3
                0x00000000000006c0                __udivsi3
                0x0000000000000724                __umodsi3
 .text          0x000000000000077c       0x28 c:/intelfpga_lite/18.1/nios2eds/bin/gnu/h-x86_64-mingw32/bin/../lib/gcc/nios2-elf/5.3.0/mno-hw-mul\libgcc.a(lib2-mul.o)
                0x000000000000077c                __mulsi3
 .text          0x00000000000007a4        0x0 c:/intelfpga_lite/18.1/nios2eds/bin/gnu/h-x86_64-mingw32/bin/../lib/gcc/nios2-elf/5.3.0/../../../../../H-x86_64-mingw32/nios2-elf/lib/mno-hw-mul\libsmallc.a(lib_a-strlen.o)
 .text.strlen   0x00000000000007a4       0x1c c:/intelfpga_lite/18.1/nios2eds/bin/gnu/h-x86_64-mingw32/bin/../lib/gcc/nios2-elf/5.3.0/../../../../../H-x86_64-mingw32/nios2-elf/lib/mno-hw-mul\libsmallc.a(lib_a-strlen.o)
                0x00000000000007a4                strlen
 .text          0x00000000000007c0       0x94 ../reloj_bsp/\libhal_bsp.a(alt_irq_register.o)
                0x00000000000007c0                alt_irq_register
 .text          0x0000000000000854        0x0 ../reloj_bsp/\libhal_bsp.a(alt_irq_vars.o)
 .text          0x0000000000000854       0xe0 ../reloj_bsp/\libhal_bsp.a(alt_load.o)
                0x0000000000000854                alt_load
 .text          0x0000000000000934       0x2c ../reloj_bsp/\libhal_bsp.a(alt_main.o)
                0x0000000000000934                alt_main
 .text          0x0000000000000960      0x170 ../reloj_bsp/\libhal_bsp.a(alt_printf.o)
                0x0000000000000960                alt_printf
 .text          0x0000000000000ad0       0x48 ../reloj_bsp/\libhal_bsp.a(alt_putchar.o)
                0x0000000000000ad0                alt_putchar
 .text          0x0000000000000b18       0x38 ../reloj_bsp/\libhal_bsp.a(alt_putstr.o)
                0x0000000000000b18                alt_putstr
 .text          0x0000000000000b50       0xb4 ../reloj_bsp/\libhal_bsp.a(alt_sys_init.o)
                0x0000000000000b50                alt_irq_init
                0x0000000000000b70                alt_sys_init
 .text          0x0000000000000c04       0x34 ../reloj_bsp/\libhal_bsp.a(altera_avalon_jtag_uart_write.o)
                0x0000000000000c04                altera_avalon_jtag_uart_write
 .text          0x0000000000000c38      0x130 ../reloj_bsp/\libhal_bsp.a(altera_up_avalon_video_character_buffer_with_dma.o)
                0x0000000000000c38                alt_up_char_buffer_init
                0x0000000000000c84                alt_up_char_buffer_open_dev
                0x0000000000000c8c                alt_up_char_buffer_draw
                0x0000000000000cdc                alt_up_char_buffer_string
                0x0000000000000d48                alt_up_char_buffer_clear
 .text          0x0000000000000d68        0x4 ../reloj_bsp/\libhal_bsp.a(alt_dcache_flush_all.o)
                0x0000000000000d68                alt_dcache_flush_all
 .text          0x0000000000000d6c        0x8 ../reloj_bsp/\libhal_bsp.a(alt_dev.o)
 .text          0x0000000000000d74       0x6c ../reloj_bsp/\libhal_bsp.a(alt_dev_llist_insert.o)
                0x0000000000000d74                alt_dev_llist_insert
 .text          0x0000000000000de0        0x0 ../reloj_bsp/\libhal_bsp.a(alt_errno.o)
 .text          0x0000000000000de0       0x74 ../reloj_bsp/\libhal_bsp.a(alt_find_dev.o)
                0x0000000000000de0                alt_find_dev
 .text          0x0000000000000e54        0x4 ../reloj_bsp/\libhal_bsp.a(alt_icache_flush_all.o)
                0x0000000000000e54                alt_icache_flush_all
 .text          0x0000000000000e58        0x0 ../reloj_bsp/\libhal_bsp.a(alt_irq_entry.o)
 .text          0x0000000000000e58        0x0 ../reloj_bsp/\libhal_bsp.a(alt_irq_handler.o)
 .text          0x0000000000000e58        0x8 ../reloj_bsp/\libhal_bsp.a(altera_nios2_gen2_irq.o)
                0x0000000000000e58                altera_nios2_gen2_irq_init
 .text          0x0000000000000e60        0x0 ../reloj_bsp/\libhal_bsp.a(alt_exception_entry.o)
 .text          0x0000000000000e60       0x74 ../reloj_bsp/\libhal_bsp.a(alt_instruction_exception_entry.o)
                0x0000000000000e60                alt_exception_cause_generated_bad_addr
 .text          0x0000000000000ed4        0x0 c:/intelfpga_lite/18.1/nios2eds/bin/gnu/h-x86_64-mingw32/bin/../lib/gcc/nios2-elf/5.3.0/../../../../../H-x86_64-mingw32/nios2-elf/lib/mno-hw-mul\libsmallc.a(lib_a-int_errno.o)
 .text          0x0000000000000ed4        0x0 c:/intelfpga_lite/18.1/nios2eds/bin/gnu/h-x86_64-mingw32/bin/../lib/gcc/nios2-elf/5.3.0/../../../../../H-x86_64-mingw32/nios2-elf/lib/mno-hw-mul\libsmallc.a(lib_a-memcmp.o)
 .text.memcmp   0x0000000000000ed4       0x30 c:/intelfpga_lite/18.1/nios2eds/bin/gnu/h-x86_64-mingw32/bin/../lib/gcc/nios2-elf/5.3.0/../../../../../H-x86_64-mingw32/nios2-elf/lib/mno-hw-mul\libsmallc.a(lib_a-memcmp.o)
                0x0000000000000ed4                memcmp
 .text          0x0000000000000f04        0x0 c:/intelfpga_lite/18.1/nios2eds/bin/gnu/h-x86_64-mingw32/bin/../lib/gcc/nios2-elf/5.3.0/../../../../../H-x86_64-mingw32/nios2-elf/lib/mno-hw-mul\libsmallc.a(lib_a-strcmp.o)
 .text.strcmp   0x0000000000000f04       0x38 c:/intelfpga_lite/18.1/nios2eds/bin/gnu/h-x86_64-mingw32/bin/../lib/gcc/nios2-elf/5.3.0/../../../../../H-x86_64-mingw32/nios2-elf/lib/mno-hw-mul\libsmallc.a(lib_a-strcmp.o)
                0x0000000000000f04                strcmp
 *(.gnu.warning.*)
 *(.fini)
                [!provide]                        PROVIDE (__etext, ABSOLUTE (.))
                [!provide]                        PROVIDE (_etext, ABSOLUTE (.))
                [!provide]                        PROVIDE (etext, ABSOLUTE (.))
 *(.eh_frame_hdr)
                0x0000000000000f3c                . = ALIGN (0x4)
                [!provide]                        PROVIDE (__preinit_array_start, ABSOLUTE (.))
 *(.preinit_array)
                [!provide]                        PROVIDE (__preinit_array_end, ABSOLUTE (.))
                [!provide]                        PROVIDE (__init_array_start, ABSOLUTE (.))
 *(.init_array)
                [!provide]                        PROVIDE (__init_array_end, ABSOLUTE (.))
                [!provide]                        PROVIDE (__fini_array_start, ABSOLUTE (.))
 *(.fini_array)
                [!provide]                        PROVIDE (__fini_array_end, ABSOLUTE (.))
 *(.eh_frame)
 *(.gcc_except_table .gcc_except_table.*)
 *(.dynamic)
                [!provide]                        PROVIDE (__CTOR_LIST__, ABSOLUTE (.))
 *(.ctors)
 *(SORT(.ctors.*))
                [!provide]                        PROVIDE (__CTOR_END__, ABSOLUTE (.))
                [!provide]                        PROVIDE (__DTOR_LIST__, ABSOLUTE (.))
 *(.dtors)
 *(SORT(.dtors.*))
                [!provide]                        PROVIDE (__DTOR_END__, ABSOLUTE (.))
 *(.jcr)
                0x0000000000000f3c                . = ALIGN (0x4)

.rodata         0x0000000000000f3c       0xc0
                0x0000000000000f3c                PROVIDE (__ram_rodata_start, ABSOLUTE (.))
                0x0000000000000f3c                . = ALIGN (0x4)
 *(.rodata .rodata.* .gnu.linkonce.r.*)
 .rodata.str1.4
                0x0000000000000f3c       0x2e obj/default/hello_world_small.o
 .rodata        0x0000000000000f6a        0x9 obj/default/hello_world_small.o
 *fill*         0x0000000000000f73        0x1 
 .rodata.str1.4
                0x0000000000000f74       0x5e ../reloj_bsp/\libhal_bsp.a(alt_sys_init.o)
 *fill*         0x0000000000000fd2        0x2 
 .rodata.str1.4
                0x0000000000000fd4       0x1a ../reloj_bsp/\libhal_bsp.a(altera_up_avalon_video_character_buffer_with_dma.o)
 *fill*         0x0000000000000fee        0x2 
 .rodata.str1.4
                0x0000000000000ff0        0xc ../reloj_bsp/\libhal_bsp.a(alt_dev.o)
                                          0xa (size before relaxing)
 *(.rodata1)
                0x0000000000000ffc                . = ALIGN (0x4)
                0x0000000000000ffc                PROVIDE (__ram_rodata_end, ABSOLUTE (.))
                0x0000000000000f3c                PROVIDE (__flash_rodata_start, LOADADDR (.rodata))

.rwdata         0x0000000000000ffc      0x16c load address 0x0000000000001168
                0x0000000000000ffc                PROVIDE (__ram_rwdata_start, ABSOLUTE (.))
                0x0000000000000ffc                . = ALIGN (0x4)
 *(.got.plt)
 *(.got)
 *(.data1)
 *(.data .data.* .gnu.linkonce.d.*)
 .data          0x0000000000000ffc        0x0 ../reloj_bsp//obj/HAL/src/crt0.o
 .data          0x0000000000000ffc        0x0 obj/default/hello_world_small.o
 .data          0x0000000000000ffc        0x0 c:/intelfpga_lite/18.1/nios2eds/bin/gnu/h-x86_64-mingw32/bin/../lib/gcc/nios2-elf/5.3.0/mno-hw-mul\libgcc.a(lib2-divmod.o)
 .data          0x0000000000000ffc        0x0 c:/intelfpga_lite/18.1/nios2eds/bin/gnu/h-x86_64-mingw32/bin/../lib/gcc/nios2-elf/5.3.0/mno-hw-mul\libgcc.a(lib2-mul.o)
 .data          0x0000000000000ffc        0x0 c:/intelfpga_lite/18.1/nios2eds/bin/gnu/h-x86_64-mingw32/bin/../lib/gcc/nios2-elf/5.3.0/../../../../../H-x86_64-mingw32/nios2-elf/lib/mno-hw-mul\libsmallc.a(lib_a-strlen.o)
 .data          0x0000000000000ffc        0x0 ../reloj_bsp/\libhal_bsp.a(alt_irq_register.o)
 .data          0x0000000000000ffc        0x0 ../reloj_bsp/\libhal_bsp.a(alt_irq_vars.o)
 .data          0x0000000000000ffc        0x0 ../reloj_bsp/\libhal_bsp.a(alt_load.o)
 .data          0x0000000000000ffc        0x0 ../reloj_bsp/\libhal_bsp.a(alt_main.o)
 .data          0x0000000000000ffc        0x0 ../reloj_bsp/\libhal_bsp.a(alt_printf.o)
 .data          0x0000000000000ffc        0x0 ../reloj_bsp/\libhal_bsp.a(alt_putchar.o)
 .data          0x0000000000000ffc        0x0 ../reloj_bsp/\libhal_bsp.a(alt_putstr.o)
 .data          0x0000000000000ffc       0xa8 ../reloj_bsp/\libhal_bsp.a(alt_sys_init.o)
 .data          0x00000000000010a4        0x0 ../reloj_bsp/\libhal_bsp.a(altera_avalon_jtag_uart_write.o)
 .data          0x00000000000010a4        0x0 ../reloj_bsp/\libhal_bsp.a(altera_up_avalon_video_character_buffer_with_dma.o)
 .data          0x00000000000010a4        0x0 ../reloj_bsp/\libhal_bsp.a(alt_dcache_flush_all.o)
 .data          0x00000000000010a4       0x58 ../reloj_bsp/\libhal_bsp.a(alt_dev.o)
                0x00000000000010a4                alt_fd_list
                0x00000000000010d4                alt_dev_null
 .data          0x00000000000010fc        0x0 ../reloj_bsp/\libhal_bsp.a(alt_dev_llist_insert.o)
 .data          0x00000000000010fc        0x0 ../reloj_bsp/\libhal_bsp.a(alt_errno.o)
 .data          0x00000000000010fc        0x0 ../reloj_bsp/\libhal_bsp.a(alt_find_dev.o)
 .data          0x00000000000010fc        0x0 ../reloj_bsp/\libhal_bsp.a(alt_icache_flush_all.o)
 .data          0x00000000000010fc        0x0 ../reloj_bsp/\libhal_bsp.a(alt_irq_entry.o)
 .data          0x00000000000010fc        0x0 ../reloj_bsp/\libhal_bsp.a(alt_irq_handler.o)
 .data          0x00000000000010fc        0x0 ../reloj_bsp/\libhal_bsp.a(altera_nios2_gen2_irq.o)
 .data          0x00000000000010fc        0x0 ../reloj_bsp/\libhal_bsp.a(alt_exception_entry.o)
 .data          0x00000000000010fc        0x0 ../reloj_bsp/\libhal_bsp.a(alt_instruction_exception_entry.o)
 .data          0x00000000000010fc        0x0 c:/intelfpga_lite/18.1/nios2eds/bin/gnu/h-x86_64-mingw32/bin/../lib/gcc/nios2-elf/5.3.0/../../../../../H-x86_64-mingw32/nios2-elf/lib/mno-hw-mul\libsmallc.a(lib_a-int_errno.o)
 .data          0x00000000000010fc        0x0 c:/intelfpga_lite/18.1/nios2eds/bin/gnu/h-x86_64-mingw32/bin/../lib/gcc/nios2-elf/5.3.0/../../../../../H-x86_64-mingw32/nios2-elf/lib/mno-hw-mul\libsmallc.a(lib_a-memcmp.o)
 .data          0x00000000000010fc        0x0 c:/intelfpga_lite/18.1/nios2eds/bin/gnu/h-x86_64-mingw32/bin/../lib/gcc/nios2-elf/5.3.0/../../../../../H-x86_64-mingw32/nios2-elf/lib/mno-hw-mul\libsmallc.a(lib_a-strcmp.o)
                0x00000000000090fc                _gp = ABSOLUTE ((. + 0x8000))
                [!provide]                        PROVIDE (gp, _gp)
 *(.rwdata .rwdata.*)
 *(.sdata .sdata.* .gnu.linkonce.s.*)
 .sdata         0x00000000000010fc       0x4c obj/default/hello_world_small.o
                0x00000000000010fc                metadata_fifo
                0x0000000000001100                buttons_fifo
                0x0000000000001104                song_fifo
                0x0000000000001108                config_data
                0x000000000000110c                config_address
                0x0000000000001110                config_status
                0x0000000000001114                config_control
                0x0000000000001118                audio_rightdata
                0x000000000000111c                audio_leftdata
                0x0000000000001120                audio_fifospace
                0x0000000000001124                audio_control
                0x0000000000001128                timer_periodh_ptr
                0x000000000000112c                timer_periodl_ptr
                0x0000000000001130                timer_control_ptr
                0x0000000000001134                timer_status_ptr
                0x0000000000001138                buttons_data_ptr
                0x000000000000113c                buttons_mask_ptr
                0x0000000000001140                buttons_edge_ptr
                0x0000000000001144                segments_ptr
 .sdata         0x0000000000001148        0x4 ../reloj_bsp/\libhal_bsp.a(alt_irq_vars.o)
                0x0000000000001148                alt_priority_mask
 .sdata         0x000000000000114c        0x4 ../reloj_bsp/\libhal_bsp.a(alt_sys_init.o)
                0x000000000000114c                UART
 .sdata         0x0000000000001150       0x14 ../reloj_bsp/\libhal_bsp.a(alt_dev.o)
                0x0000000000001150                alt_max_fd
                0x0000000000001154                alt_dev_list
                0x000000000000115c                alt_fs_list
 .sdata         0x0000000000001164        0x4 ../reloj_bsp/\libhal_bsp.a(alt_errno.o)
                0x0000000000001164                alt_errno
 *(.sdata2 .sdata2.* .gnu.linkonce.s2.*)
                0x0000000000001168                . = ALIGN (0x4)
                0x0000000000001168                _edata = ABSOLUTE (.)
                [!provide]                        PROVIDE (edata, ABSOLUTE (.))
                0x0000000000001168                PROVIDE (__ram_rwdata_end, ABSOLUTE (.))
                0x0000000000001168                PROVIDE (__flash_rwdata_start, LOADADDR (.rwdata))

.bss            0x00000000000012d4      0x22c
                0x00000000000012d4                __bss_start = ABSOLUTE (.)
                [!provide]                        PROVIDE (__sbss_start, ABSOLUTE (.))
                [!provide]                        PROVIDE (___sbss_start, ABSOLUTE (.))
 *(.dynsbss)
 *(.sbss .sbss.* .gnu.linkonce.sb.*)
 .sbss          0x00000000000012d4       0x14 obj/default/hello_world_small.o
                0x00000000000012d4                new_song
                0x00000000000012d8                actualizar_display
                0x00000000000012dc                paused
                0x00000000000012e0                segundos
                0x00000000000012e4                minutos
 .sbss          0x00000000000012e8        0x4 ../reloj_bsp/\libhal_bsp.a(alt_irq_vars.o)
                0x00000000000012e8                alt_irq_active
 .sbss          0x00000000000012ec        0xc ../reloj_bsp/\libhal_bsp.a(alt_main.o)
                0x00000000000012ec                alt_envp
                0x00000000000012f0                alt_argv
                0x00000000000012f4                alt_argc
 .sbss          0x00000000000012f8        0x4 ../reloj_bsp/\libhal_bsp.a(alt_instruction_exception_entry.o)
                0x00000000000012f8                alt_instruction_exception_handler
 .sbss          0x00000000000012fc        0x4 c:/intelfpga_lite/18.1/nios2eds/bin/gnu/h-x86_64-mingw32/bin/../lib/gcc/nios2-elf/5.3.0/../../../../../H-x86_64-mingw32/nios2-elf/lib/mno-hw-mul\libsmallc.a(lib_a-int_errno.o)
                0x00000000000012fc                errno
 *(.sbss2 .sbss2.* .gnu.linkonce.sb2.*)
 *(.scommon)
                [!provide]                        PROVIDE (__sbss_end, ABSOLUTE (.))
                [!provide]                        PROVIDE (___sbss_end, ABSOLUTE (.))
 *(.dynbss)
 *(.bss .bss.* .gnu.linkonce.b.*)
 .bss           0x0000000000001300        0x0 ../reloj_bsp//obj/HAL/src/crt0.o
 .bss           0x0000000000001300        0x0 obj/default/hello_world_small.o
 .bss           0x0000000000001300        0x0 c:/intelfpga_lite/18.1/nios2eds/bin/gnu/h-x86_64-mingw32/bin/../lib/gcc/nios2-elf/5.3.0/mno-hw-mul\libgcc.a(lib2-divmod.o)
 .bss           0x0000000000001300        0x0 c:/intelfpga_lite/18.1/nios2eds/bin/gnu/h-x86_64-mingw32/bin/../lib/gcc/nios2-elf/5.3.0/mno-hw-mul\libgcc.a(lib2-mul.o)
 .bss           0x0000000000001300        0x0 c:/intelfpga_lite/18.1/nios2eds/bin/gnu/h-x86_64-mingw32/bin/../lib/gcc/nios2-elf/5.3.0/../../../../../H-x86_64-mingw32/nios2-elf/lib/mno-hw-mul\libsmallc.a(lib_a-strlen.o)
 .bss           0x0000000000001300        0x0 ../reloj_bsp/\libhal_bsp.a(alt_irq_register.o)
 .bss           0x0000000000001300        0x0 ../reloj_bsp/\libhal_bsp.a(alt_irq_vars.o)
 .bss           0x0000000000001300        0x0 ../reloj_bsp/\libhal_bsp.a(alt_load.o)
 .bss           0x0000000000001300        0x0 ../reloj_bsp/\libhal_bsp.a(alt_main.o)
 .bss           0x0000000000001300        0x0 ../reloj_bsp/\libhal_bsp.a(alt_printf.o)
 .bss           0x0000000000001300        0x0 ../reloj_bsp/\libhal_bsp.a(alt_putchar.o)
 .bss           0x0000000000001300        0x0 ../reloj_bsp/\libhal_bsp.a(alt_putstr.o)
 .bss           0x0000000000001300        0x0 ../reloj_bsp/\libhal_bsp.a(alt_sys_init.o)
 .bss           0x0000000000001300        0x0 ../reloj_bsp/\libhal_bsp.a(altera_avalon_jtag_uart_write.o)
 .bss           0x0000000000001300        0x0 ../reloj_bsp/\libhal_bsp.a(altera_up_avalon_video_character_buffer_with_dma.o)
 .bss           0x0000000000001300        0x0 ../reloj_bsp/\libhal_bsp.a(alt_dcache_flush_all.o)
 .bss           0x0000000000001300        0x0 ../reloj_bsp/\libhal_bsp.a(alt_dev.o)
 .bss           0x0000000000001300        0x0 ../reloj_bsp/\libhal_bsp.a(alt_dev_llist_insert.o)
 .bss           0x0000000000001300        0x0 ../reloj_bsp/\libhal_bsp.a(alt_errno.o)
 .bss           0x0000000000001300        0x0 ../reloj_bsp/\libhal_bsp.a(alt_find_dev.o)
 .bss           0x0000000000001300        0x0 ../reloj_bsp/\libhal_bsp.a(alt_icache_flush_all.o)
 .bss           0x0000000000001300        0x0 ../reloj_bsp/\libhal_bsp.a(alt_irq_entry.o)
 .bss           0x0000000000001300        0x0 ../reloj_bsp/\libhal_bsp.a(alt_irq_handler.o)
 .bss           0x0000000000001300        0x0 ../reloj_bsp/\libhal_bsp.a(altera_nios2_gen2_irq.o)
 .bss           0x0000000000001300        0x0 ../reloj_bsp/\libhal_bsp.a(alt_exception_entry.o)
 .bss           0x0000000000001300        0x0 ../reloj_bsp/\libhal_bsp.a(alt_instruction_exception_entry.o)
 .bss           0x0000000000001300        0x0 c:/intelfpga_lite/18.1/nios2eds/bin/gnu/h-x86_64-mingw32/bin/../lib/gcc/nios2-elf/5.3.0/../../../../../H-x86_64-mingw32/nios2-elf/lib/mno-hw-mul\libsmallc.a(lib_a-int_errno.o)
 .bss           0x0000000000001300        0x0 c:/intelfpga_lite/18.1/nios2eds/bin/gnu/h-x86_64-mingw32/bin/../lib/gcc/nios2-elf/5.3.0/../../../../../H-x86_64-mingw32/nios2-elf/lib/mno-hw-mul\libsmallc.a(lib_a-memcmp.o)
 .bss           0x0000000000001300        0x0 c:/intelfpga_lite/18.1/nios2eds/bin/gnu/h-x86_64-mingw32/bin/../lib/gcc/nios2-elf/5.3.0/../../../../../H-x86_64-mingw32/nios2-elf/lib/mno-hw-mul\libsmallc.a(lib_a-strcmp.o)
 *(COMMON)
 COMMON         0x0000000000001300      0x100 obj/default/hello_world_small.o
                0x0000000000001300                metadata
 COMMON         0x0000000000001400      0x100 ../reloj_bsp/\libhal_bsp.a(alt_irq_handler.o)
                0x0000000000001400                alt_irq
                0x0000000000001500                . = ALIGN (0x4)
                0x0000000000001500                __bss_end = ABSOLUTE (.)

.MEMORY         0x0000000000001500        0x0
                [!provide]                        PROVIDE (_alt_partition_MEMORY_start, ABSOLUTE (.))
 *(.MEMORY .MEMORY. MEMORY.*)
                0x0000000000001500                . = ALIGN (0x4)
                [!provide]                        PROVIDE (_alt_partition_MEMORY_end, ABSOLUTE (.))
                0x0000000000001500                _end = ABSOLUTE (.)
                0x0000000000001500                end = ABSOLUTE (.)
                0x0000000000001500                __alt_stack_base = ABSOLUTE (.)
                [!provide]                        PROVIDE (_alt_partition_MEMORY_load_addr, LOADADDR (.MEMORY))

.stab
 *(.stab)

.stabstr
 *(.stabstr)

.stab.excl
 *(.stab.excl)

.stab.exclstr
 *(.stab.exclstr)

.stab.index
 *(.stab.index)

.stab.indexstr
 *(.stab.indexstr)

.comment        0x0000000000000000       0x23
 *(.comment)
 .comment       0x0000000000000000       0x23 obj/default/hello_world_small.o
                                         0x24 (size before relaxing)
 .comment       0x0000000000000023       0x24 c:/intelfpga_lite/18.1/nios2eds/bin/gnu/h-x86_64-mingw32/bin/../lib/gcc/nios2-elf/5.3.0/mno-hw-mul\libgcc.a(lib2-divmod.o)
 .comment       0x0000000000000023       0x24 c:/intelfpga_lite/18.1/nios2eds/bin/gnu/h-x86_64-mingw32/bin/../lib/gcc/nios2-elf/5.3.0/mno-hw-mul\libgcc.a(lib2-mul.o)
 .comment       0x0000000000000023       0x24 c:/intelfpga_lite/18.1/nios2eds/bin/gnu/h-x86_64-mingw32/bin/../lib/gcc/nios2-elf/5.3.0/../../../../../H-x86_64-mingw32/nios2-elf/lib/mno-hw-mul\libsmallc.a(lib_a-strlen.o)
 .comment       0x0000000000000023       0x24 ../reloj_bsp/\libhal_bsp.a(alt_irq_register.o)
 .comment       0x0000000000000023       0x24 ../reloj_bsp/\libhal_bsp.a(alt_irq_vars.o)
 .comment       0x0000000000000023       0x24 ../reloj_bsp/\libhal_bsp.a(alt_load.o)
 .comment       0x0000000000000023       0x24 ../reloj_bsp/\libhal_bsp.a(alt_main.o)
 .comment       0x0000000000000023       0x24 ../reloj_bsp/\libhal_bsp.a(alt_printf.o)
 .comment       0x0000000000000023       0x24 ../reloj_bsp/\libhal_bsp.a(alt_putchar.o)
 .comment       0x0000000000000023       0x24 ../reloj_bsp/\libhal_bsp.a(alt_putstr.o)
 .comment       0x0000000000000023       0x24 ../reloj_bsp/\libhal_bsp.a(alt_sys_init.o)
 .comment       0x0000000000000023       0x24 ../reloj_bsp/\libhal_bsp.a(altera_avalon_jtag_uart_write.o)
 .comment       0x0000000000000023       0x24 ../reloj_bsp/\libhal_bsp.a(altera_up_avalon_video_character_buffer_with_dma.o)
 .comment       0x0000000000000023       0x24 ../reloj_bsp/\libhal_bsp.a(alt_dcache_flush_all.o)
 .comment       0x0000000000000023       0x24 ../reloj_bsp/\libhal_bsp.a(alt_dev.o)
 .comment       0x0000000000000023       0x24 ../reloj_bsp/\libhal_bsp.a(alt_dev_llist_insert.o)
 .comment       0x0000000000000023       0x24 ../reloj_bsp/\libhal_bsp.a(alt_errno.o)
 .comment       0x0000000000000023       0x24 ../reloj_bsp/\libhal_bsp.a(alt_find_dev.o)
 .comment       0x0000000000000023       0x24 ../reloj_bsp/\libhal_bsp.a(alt_icache_flush_all.o)
 .comment       0x0000000000000023       0x24 ../reloj_bsp/\libhal_bsp.a(alt_irq_handler.o)
 .comment       0x0000000000000023       0x24 ../reloj_bsp/\libhal_bsp.a(altera_nios2_gen2_irq.o)
 .comment       0x0000000000000023       0x24 ../reloj_bsp/\libhal_bsp.a(alt_instruction_exception_entry.o)
 .comment       0x0000000000000023       0x24 c:/intelfpga_lite/18.1/nios2eds/bin/gnu/h-x86_64-mingw32/bin/../lib/gcc/nios2-elf/5.3.0/../../../../../H-x86_64-mingw32/nios2-elf/lib/mno-hw-mul\libsmallc.a(lib_a-int_errno.o)
 .comment       0x0000000000000023       0x24 c:/intelfpga_lite/18.1/nios2eds/bin/gnu/h-x86_64-mingw32/bin/../lib/gcc/nios2-elf/5.3.0/../../../../../H-x86_64-mingw32/nios2-elf/lib/mno-hw-mul\libsmallc.a(lib_a-memcmp.o)
 .comment       0x0000000000000023       0x24 c:/intelfpga_lite/18.1/nios2eds/bin/gnu/h-x86_64-mingw32/bin/../lib/gcc/nios2-elf/5.3.0/../../../../../H-x86_64-mingw32/nios2-elf/lib/mno-hw-mul\libsmallc.a(lib_a-strcmp.o)

.debug
 *(.debug)

.line
 *(.line)

.debug_srcinfo
 *(.debug_srcinfo)

.debug_sfnames
 *(.debug_sfnames)

.debug_aranges  0x0000000000000000      0x3c8
 *(.debug_aranges)
 .debug_aranges
                0x0000000000000000       0x28 ../reloj_bsp//obj/HAL/src/crt0.o
 .debug_aranges
                0x0000000000000028       0x28 obj/default/hello_world_small.o
 .debug_aranges
                0x0000000000000050       0x20 c:/intelfpga_lite/18.1/nios2eds/bin/gnu/h-x86_64-mingw32/bin/../lib/gcc/nios2-elf/5.3.0/mno-hw-mul\libgcc.a(lib2-divmod.o)
 .debug_aranges
                0x0000000000000070       0x20 c:/intelfpga_lite/18.1/nios2eds/bin/gnu/h-x86_64-mingw32/bin/../lib/gcc/nios2-elf/5.3.0/mno-hw-mul\libgcc.a(lib2-mul.o)
 .debug_aranges
                0x0000000000000090       0x20 c:/intelfpga_lite/18.1/nios2eds/bin/gnu/h-x86_64-mingw32/bin/../lib/gcc/nios2-elf/5.3.0/../../../../../H-x86_64-mingw32/nios2-elf/lib/mno-hw-mul\libsmallc.a(lib_a-strlen.o)
 .debug_aranges
                0x00000000000000b0       0x20 ../reloj_bsp/\libhal_bsp.a(alt_irq_register.o)
 .debug_aranges
                0x00000000000000d0       0x18 ../reloj_bsp/\libhal_bsp.a(alt_irq_vars.o)
 .debug_aranges
                0x00000000000000e8       0x20 ../reloj_bsp/\libhal_bsp.a(alt_load.o)
 .debug_aranges
                0x0000000000000108       0x20 ../reloj_bsp/\libhal_bsp.a(alt_main.o)
 .debug_aranges
                0x0000000000000128       0x20 ../reloj_bsp/\libhal_bsp.a(alt_printf.o)
 .debug_aranges
                0x0000000000000148       0x20 ../reloj_bsp/\libhal_bsp.a(alt_putchar.o)
 .debug_aranges
                0x0000000000000168       0x20 ../reloj_bsp/\libhal_bsp.a(alt_putstr.o)
 .debug_aranges
                0x0000000000000188       0x20 ../reloj_bsp/\libhal_bsp.a(alt_sys_init.o)
 .debug_aranges
                0x00000000000001a8       0x20 ../reloj_bsp/\libhal_bsp.a(altera_avalon_jtag_uart_write.o)
 .debug_aranges
                0x00000000000001c8       0x20 ../reloj_bsp/\libhal_bsp.a(altera_up_avalon_video_character_buffer_with_dma.o)
 .debug_aranges
                0x00000000000001e8       0x20 ../reloj_bsp/\libhal_bsp.a(alt_dcache_flush_all.o)
 .debug_aranges
                0x0000000000000208       0x20 ../reloj_bsp/\libhal_bsp.a(alt_dev.o)
 .debug_aranges
                0x0000000000000228       0x20 ../reloj_bsp/\libhal_bsp.a(alt_dev_llist_insert.o)
 .debug_aranges
                0x0000000000000248       0x18 ../reloj_bsp/\libhal_bsp.a(alt_errno.o)
 .debug_aranges
                0x0000000000000260       0x20 ../reloj_bsp/\libhal_bsp.a(alt_find_dev.o)
 .debug_aranges
                0x0000000000000280       0x20 ../reloj_bsp/\libhal_bsp.a(alt_icache_flush_all.o)
 .debug_aranges
                0x00000000000002a0       0x30 ../reloj_bsp/\libhal_bsp.a(alt_irq_entry.o)
 .debug_aranges
                0x00000000000002d0       0x20 ../reloj_bsp/\libhal_bsp.a(alt_irq_handler.o)
 .debug_aranges
                0x00000000000002f0       0x20 ../reloj_bsp/\libhal_bsp.a(altera_nios2_gen2_irq.o)
 .debug_aranges
                0x0000000000000310       0x38 ../reloj_bsp/\libhal_bsp.a(alt_exception_entry.o)
 .debug_aranges
                0x0000000000000348       0x28 ../reloj_bsp/\libhal_bsp.a(alt_instruction_exception_entry.o)
 .debug_aranges
                0x0000000000000370       0x18 c:/intelfpga_lite/18.1/nios2eds/bin/gnu/h-x86_64-mingw32/bin/../lib/gcc/nios2-elf/5.3.0/../../../../../H-x86_64-mingw32/nios2-elf/lib/mno-hw-mul\libsmallc.a(lib_a-int_errno.o)
 .debug_aranges
                0x0000000000000388       0x20 c:/intelfpga_lite/18.1/nios2eds/bin/gnu/h-x86_64-mingw32/bin/../lib/gcc/nios2-elf/5.3.0/../../../../../H-x86_64-mingw32/nios2-elf/lib/mno-hw-mul\libsmallc.a(lib_a-memcmp.o)
 .debug_aranges
                0x00000000000003a8       0x20 c:/intelfpga_lite/18.1/nios2eds/bin/gnu/h-x86_64-mingw32/bin/../lib/gcc/nios2-elf/5.3.0/../../../../../H-x86_64-mingw32/nios2-elf/lib/mno-hw-mul\libsmallc.a(lib_a-strcmp.o)

.debug_pubnames
 *(.debug_pubnames)

.debug_info     0x0000000000000000     0x3616
 *(.debug_info .gnu.linkonce.wi.*)
 .debug_info    0x0000000000000000       0x7c ../reloj_bsp//obj/HAL/src/crt0.o
 .debug_info    0x000000000000007c      0x74e obj/default/hello_world_small.o
 .debug_info    0x00000000000007ca      0x2c6 c:/intelfpga_lite/18.1/nios2eds/bin/gnu/h-x86_64-mingw32/bin/../lib/gcc/nios2-elf/5.3.0/mno-hw-mul\libgcc.a(lib2-divmod.o)
 .debug_info    0x0000000000000a90       0xb4 c:/intelfpga_lite/18.1/nios2eds/bin/gnu/h-x86_64-mingw32/bin/../lib/gcc/nios2-elf/5.3.0/mno-hw-mul\libgcc.a(lib2-mul.o)
 .debug_info    0x0000000000000b44       0xc9 c:/intelfpga_lite/18.1/nios2eds/bin/gnu/h-x86_64-mingw32/bin/../lib/gcc/nios2-elf/5.3.0/../../../../../H-x86_64-mingw32/nios2-elf/lib/mno-hw-mul\libsmallc.a(lib_a-strlen.o)
 .debug_info    0x0000000000000c0d      0x30d ../reloj_bsp/\libhal_bsp.a(alt_irq_register.o)
 .debug_info    0x0000000000000f1a       0x88 ../reloj_bsp/\libhal_bsp.a(alt_irq_vars.o)
 .debug_info    0x0000000000000fa2      0x1c9 ../reloj_bsp/\libhal_bsp.a(alt_load.o)
 .debug_info    0x000000000000116b      0x18f ../reloj_bsp/\libhal_bsp.a(alt_main.o)
 .debug_info    0x00000000000012fa      0x14d ../reloj_bsp/\libhal_bsp.a(alt_printf.o)
 .debug_info    0x0000000000001447      0x12a ../reloj_bsp/\libhal_bsp.a(alt_putchar.o)
 .debug_info    0x0000000000001571      0x13a ../reloj_bsp/\libhal_bsp.a(alt_putstr.o)
 .debug_info    0x00000000000016ab      0x62b ../reloj_bsp/\libhal_bsp.a(alt_sys_init.o)
 .debug_info    0x0000000000001cd6      0x1ad ../reloj_bsp/\libhal_bsp.a(altera_avalon_jtag_uart_write.o)
 .debug_info    0x0000000000001e83      0x4ab ../reloj_bsp/\libhal_bsp.a(altera_up_avalon_video_character_buffer_with_dma.o)
 .debug_info    0x000000000000232e       0x92 ../reloj_bsp/\libhal_bsp.a(alt_dcache_flush_all.o)
 .debug_info    0x00000000000023c0      0x499 ../reloj_bsp/\libhal_bsp.a(alt_dev.o)
 .debug_info    0x0000000000002859      0x1b3 ../reloj_bsp/\libhal_bsp.a(alt_dev_llist_insert.o)
 .debug_info    0x0000000000002a0c       0xa6 ../reloj_bsp/\libhal_bsp.a(alt_errno.o)
 .debug_info    0x0000000000002ab2      0x32d ../reloj_bsp/\libhal_bsp.a(alt_find_dev.o)
 .debug_info    0x0000000000002ddf       0x92 ../reloj_bsp/\libhal_bsp.a(alt_icache_flush_all.o)
 .debug_info    0x0000000000002e71       0x85 ../reloj_bsp/\libhal_bsp.a(alt_irq_entry.o)
 .debug_info    0x0000000000002ef6      0x1a4 ../reloj_bsp/\libhal_bsp.a(alt_irq_handler.o)
 .debug_info    0x000000000000309a       0xb8 ../reloj_bsp/\libhal_bsp.a(altera_nios2_gen2_irq.o)
 .debug_info    0x0000000000003152       0x8b ../reloj_bsp/\libhal_bsp.a(alt_exception_entry.o)
 .debug_info    0x00000000000031dd      0x1fd ../reloj_bsp/\libhal_bsp.a(alt_instruction_exception_entry.o)
 .debug_info    0x00000000000033da       0x8a c:/intelfpga_lite/18.1/nios2eds/bin/gnu/h-x86_64-mingw32/bin/../lib/gcc/nios2-elf/5.3.0/../../../../../H-x86_64-mingw32/nios2-elf/lib/mno-hw-mul\libsmallc.a(lib_a-int_errno.o)
 .debug_info    0x0000000000003464       0xf4 c:/intelfpga_lite/18.1/nios2eds/bin/gnu/h-x86_64-mingw32/bin/../lib/gcc/nios2-elf/5.3.0/../../../../../H-x86_64-mingw32/nios2-elf/lib/mno-hw-mul\libsmallc.a(lib_a-memcmp.o)
 .debug_info    0x0000000000003558       0xbe c:/intelfpga_lite/18.1/nios2eds/bin/gnu/h-x86_64-mingw32/bin/../lib/gcc/nios2-elf/5.3.0/../../../../../H-x86_64-mingw32/nios2-elf/lib/mno-hw-mul\libsmallc.a(lib_a-strcmp.o)

.debug_abbrev   0x0000000000000000     0x171d
 *(.debug_abbrev)
 .debug_abbrev  0x0000000000000000       0x12 ../reloj_bsp//obj/HAL/src/crt0.o
 .debug_abbrev  0x0000000000000012      0x2fb obj/default/hello_world_small.o
 .debug_abbrev  0x000000000000030d      0x10e c:/intelfpga_lite/18.1/nios2eds/bin/gnu/h-x86_64-mingw32/bin/../lib/gcc/nios2-elf/5.3.0/mno-hw-mul\libgcc.a(lib2-divmod.o)
 .debug_abbrev  0x000000000000041b       0x6f c:/intelfpga_lite/18.1/nios2eds/bin/gnu/h-x86_64-mingw32/bin/../lib/gcc/nios2-elf/5.3.0/mno-hw-mul\libgcc.a(lib2-mul.o)
 .debug_abbrev  0x000000000000048a       0x7f c:/intelfpga_lite/18.1/nios2eds/bin/gnu/h-x86_64-mingw32/bin/../lib/gcc/nios2-elf/5.3.0/../../../../../H-x86_64-mingw32/nios2-elf/lib/mno-hw-mul\libsmallc.a(lib_a-strlen.o)
 .debug_abbrev  0x0000000000000509      0x1a5 ../reloj_bsp/\libhal_bsp.a(alt_irq_register.o)
 .debug_abbrev  0x00000000000006ae       0x40 ../reloj_bsp/\libhal_bsp.a(alt_irq_vars.o)
 .debug_abbrev  0x00000000000006ee       0xd8 ../reloj_bsp/\libhal_bsp.a(alt_load.o)
 .debug_abbrev  0x00000000000007c6       0xf5 ../reloj_bsp/\libhal_bsp.a(alt_main.o)
 .debug_abbrev  0x00000000000008bb       0xd5 ../reloj_bsp/\libhal_bsp.a(alt_printf.o)
 .debug_abbrev  0x0000000000000990       0xd2 ../reloj_bsp/\libhal_bsp.a(alt_putchar.o)
 .debug_abbrev  0x0000000000000a62       0xd3 ../reloj_bsp/\libhal_bsp.a(alt_putstr.o)
 .debug_abbrev  0x0000000000000b35      0x1ed ../reloj_bsp/\libhal_bsp.a(alt_sys_init.o)
 .debug_abbrev  0x0000000000000d22       0xd5 ../reloj_bsp/\libhal_bsp.a(altera_avalon_jtag_uart_write.o)
 .debug_abbrev  0x0000000000000df7      0x16b ../reloj_bsp/\libhal_bsp.a(altera_up_avalon_video_character_buffer_with_dma.o)
 .debug_abbrev  0x0000000000000f62       0x42 ../reloj_bsp/\libhal_bsp.a(alt_dcache_flush_all.o)
 .debug_abbrev  0x0000000000000fa4       0xd9 ../reloj_bsp/\libhal_bsp.a(alt_dev.o)
 .debug_abbrev  0x000000000000107d      0x11c ../reloj_bsp/\libhal_bsp.a(alt_dev_llist_insert.o)
 .debug_abbrev  0x0000000000001199       0x5a ../reloj_bsp/\libhal_bsp.a(alt_errno.o)
 .debug_abbrev  0x00000000000011f3      0x125 ../reloj_bsp/\libhal_bsp.a(alt_find_dev.o)
 .debug_abbrev  0x0000000000001318       0x42 ../reloj_bsp/\libhal_bsp.a(alt_icache_flush_all.o)
 .debug_abbrev  0x000000000000135a       0x12 ../reloj_bsp/\libhal_bsp.a(alt_irq_entry.o)
 .debug_abbrev  0x000000000000136c      0x138 ../reloj_bsp/\libhal_bsp.a(alt_irq_handler.o)
 .debug_abbrev  0x00000000000014a4       0x67 ../reloj_bsp/\libhal_bsp.a(altera_nios2_gen2_irq.o)
 .debug_abbrev  0x000000000000150b       0x12 ../reloj_bsp/\libhal_bsp.a(alt_exception_entry.o)
 .debug_abbrev  0x000000000000151d       0xe7 ../reloj_bsp/\libhal_bsp.a(alt_instruction_exception_entry.o)
 .debug_abbrev  0x0000000000001604       0x37 c:/intelfpga_lite/18.1/nios2eds/bin/gnu/h-x86_64-mingw32/bin/../lib/gcc/nios2-elf/5.3.0/../../../../../H-x86_64-mingw32/nios2-elf/lib/mno-hw-mul\libsmallc.a(lib_a-int_errno.o)
 .debug_abbrev  0x000000000000163b       0x7f c:/intelfpga_lite/18.1/nios2eds/bin/gnu/h-x86_64-mingw32/bin/../lib/gcc/nios2-elf/5.3.0/../../../../../H-x86_64-mingw32/nios2-elf/lib/mno-hw-mul\libsmallc.a(lib_a-memcmp.o)
 .debug_abbrev  0x00000000000016ba       0x63 c:/intelfpga_lite/18.1/nios2eds/bin/gnu/h-x86_64-mingw32/bin/../lib/gcc/nios2-elf/5.3.0/../../../../../H-x86_64-mingw32/nios2-elf/lib/mno-hw-mul\libsmallc.a(lib_a-strcmp.o)

.debug_line     0x0000000000000000     0x183b
 *(.debug_line)
 .debug_line    0x0000000000000000       0x66 ../reloj_bsp//obj/HAL/src/crt0.o
 .debug_line    0x0000000000000066      0x1e0 obj/default/hello_world_small.o
 .debug_line    0x0000000000000246      0x105 c:/intelfpga_lite/18.1/nios2eds/bin/gnu/h-x86_64-mingw32/bin/../lib/gcc/nios2-elf/5.3.0/mno-hw-mul\libgcc.a(lib2-divmod.o)
 .debug_line    0x000000000000034b       0x80 c:/intelfpga_lite/18.1/nios2eds/bin/gnu/h-x86_64-mingw32/bin/../lib/gcc/nios2-elf/5.3.0/mno-hw-mul\libgcc.a(lib2-mul.o)
 .debug_line    0x00000000000003cb      0x15c c:/intelfpga_lite/18.1/nios2eds/bin/gnu/h-x86_64-mingw32/bin/../lib/gcc/nios2-elf/5.3.0/../../../../../H-x86_64-mingw32/nios2-elf/lib/mno-hw-mul\libsmallc.a(lib_a-strlen.o)
 .debug_line    0x0000000000000527       0xed ../reloj_bsp/\libhal_bsp.a(alt_irq_register.o)
 .debug_line    0x0000000000000614       0x50 ../reloj_bsp/\libhal_bsp.a(alt_irq_vars.o)
 .debug_line    0x0000000000000664       0xa4 ../reloj_bsp/\libhal_bsp.a(alt_load.o)
 .debug_line    0x0000000000000708       0xea ../reloj_bsp/\libhal_bsp.a(alt_main.o)
 .debug_line    0x00000000000007f2      0x112 ../reloj_bsp/\libhal_bsp.a(alt_printf.o)
 .debug_line    0x0000000000000904       0x55 ../reloj_bsp/\libhal_bsp.a(alt_putchar.o)
 .debug_line    0x0000000000000959       0xa0 ../reloj_bsp/\libhal_bsp.a(alt_putstr.o)
 .debug_line    0x00000000000009f9      0x200 ../reloj_bsp/\libhal_bsp.a(alt_sys_init.o)
 .debug_line    0x0000000000000bf9      0x104 ../reloj_bsp/\libhal_bsp.a(altera_avalon_jtag_uart_write.o)
 .debug_line    0x0000000000000cfd      0x1a5 ../reloj_bsp/\libhal_bsp.a(altera_up_avalon_video_character_buffer_with_dma.o)
 .debug_line    0x0000000000000ea2       0x4e ../reloj_bsp/\libhal_bsp.a(alt_dcache_flush_all.o)
 .debug_line    0x0000000000000ef0       0xf6 ../reloj_bsp/\libhal_bsp.a(alt_dev.o)
 .debug_line    0x0000000000000fe6       0xd8 ../reloj_bsp/\libhal_bsp.a(alt_dev_llist_insert.o)
 .debug_line    0x00000000000010be       0x51 ../reloj_bsp/\libhal_bsp.a(alt_errno.o)
 .debug_line    0x000000000000110f      0x107 ../reloj_bsp/\libhal_bsp.a(alt_find_dev.o)
 .debug_line    0x0000000000001216       0x4e ../reloj_bsp/\libhal_bsp.a(alt_icache_flush_all.o)
 .debug_line    0x0000000000001264       0x6b ../reloj_bsp/\libhal_bsp.a(alt_irq_entry.o)
 .debug_line    0x00000000000012cf       0xc8 ../reloj_bsp/\libhal_bsp.a(alt_irq_handler.o)
 .debug_line    0x0000000000001397       0x8c ../reloj_bsp/\libhal_bsp.a(altera_nios2_gen2_irq.o)
 .debug_line    0x0000000000001423       0xb3 ../reloj_bsp/\libhal_bsp.a(alt_exception_entry.o)
 .debug_line    0x00000000000014d6       0xbf ../reloj_bsp/\libhal_bsp.a(alt_instruction_exception_entry.o)
 .debug_line    0x0000000000001595       0x5f c:/intelfpga_lite/18.1/nios2eds/bin/gnu/h-x86_64-mingw32/bin/../lib/gcc/nios2-elf/5.3.0/../../../../../H-x86_64-mingw32/nios2-elf/lib/mno-hw-mul\libsmallc.a(lib_a-int_errno.o)
 .debug_line    0x00000000000015f4      0x160 c:/intelfpga_lite/18.1/nios2eds/bin/gnu/h-x86_64-mingw32/bin/../lib/gcc/nios2-elf/5.3.0/../../../../../H-x86_64-mingw32/nios2-elf/lib/mno-hw-mul\libsmallc.a(lib_a-memcmp.o)
 .debug_line    0x0000000000001754       0xe7 c:/intelfpga_lite/18.1/nios2eds/bin/gnu/h-x86_64-mingw32/bin/../lib/gcc/nios2-elf/5.3.0/../../../../../H-x86_64-mingw32/nios2-elf/lib/mno-hw-mul\libsmallc.a(lib_a-strcmp.o)

.debug_frame    0x0000000000000000      0x55c
 *(.debug_frame)
 .debug_frame   0x0000000000000000      0x138 obj/default/hello_world_small.o
 .debug_frame   0x0000000000000138       0x50 c:/intelfpga_lite/18.1/nios2eds/bin/gnu/h-x86_64-mingw32/bin/../lib/gcc/nios2-elf/5.3.0/mno-hw-mul\libgcc.a(lib2-divmod.o)
 .debug_frame   0x0000000000000188       0x20 c:/intelfpga_lite/18.1/nios2eds/bin/gnu/h-x86_64-mingw32/bin/../lib/gcc/nios2-elf/5.3.0/mno-hw-mul\libgcc.a(lib2-mul.o)
 .debug_frame   0x00000000000001a8       0x20 c:/intelfpga_lite/18.1/nios2eds/bin/gnu/h-x86_64-mingw32/bin/../lib/gcc/nios2-elf/5.3.0/../../../../../H-x86_64-mingw32/nios2-elf/lib/mno-hw-mul\libsmallc.a(lib_a-strlen.o)
 .debug_frame   0x00000000000001c8       0x20 ../reloj_bsp/\libhal_bsp.a(alt_irq_register.o)
 .debug_frame   0x00000000000001e8       0x30 ../reloj_bsp/\libhal_bsp.a(alt_load.o)
 .debug_frame   0x0000000000000218       0x2c ../reloj_bsp/\libhal_bsp.a(alt_main.o)
 .debug_frame   0x0000000000000244       0x54 ../reloj_bsp/\libhal_bsp.a(alt_printf.o)
 .debug_frame   0x0000000000000298       0x30 ../reloj_bsp/\libhal_bsp.a(alt_putchar.o)
 .debug_frame   0x00000000000002c8       0x30 ../reloj_bsp/\libhal_bsp.a(alt_putstr.o)
 .debug_frame   0x00000000000002f8       0x48 ../reloj_bsp/\libhal_bsp.a(alt_sys_init.o)
 .debug_frame   0x0000000000000340       0x20 ../reloj_bsp/\libhal_bsp.a(altera_avalon_jtag_uart_write.o)
 .debug_frame   0x0000000000000360       0x70 ../reloj_bsp/\libhal_bsp.a(altera_up_avalon_video_character_buffer_with_dma.o)
 .debug_frame   0x00000000000003d0       0x20 ../reloj_bsp/\libhal_bsp.a(alt_dcache_flush_all.o)
 .debug_frame   0x00000000000003f0       0x20 ../reloj_bsp/\libhal_bsp.a(alt_dev.o)
 .debug_frame   0x0000000000000410       0x2c ../reloj_bsp/\libhal_bsp.a(alt_dev_llist_insert.o)
 .debug_frame   0x000000000000043c       0x3c ../reloj_bsp/\libhal_bsp.a(alt_find_dev.o)
 .debug_frame   0x0000000000000478       0x20 ../reloj_bsp/\libhal_bsp.a(alt_icache_flush_all.o)
 .debug_frame   0x0000000000000498       0x34 ../reloj_bsp/\libhal_bsp.a(alt_irq_handler.o)
 .debug_frame   0x00000000000004cc       0x20 ../reloj_bsp/\libhal_bsp.a(altera_nios2_gen2_irq.o)
 .debug_frame   0x00000000000004ec       0x30 ../reloj_bsp/\libhal_bsp.a(alt_instruction_exception_entry.o)
 .debug_frame   0x000000000000051c       0x20 c:/intelfpga_lite/18.1/nios2eds/bin/gnu/h-x86_64-mingw32/bin/../lib/gcc/nios2-elf/5.3.0/../../../../../H-x86_64-mingw32/nios2-elf/lib/mno-hw-mul\libsmallc.a(lib_a-memcmp.o)
 .debug_frame   0x000000000000053c       0x20 c:/intelfpga_lite/18.1/nios2eds/bin/gnu/h-x86_64-mingw32/bin/../lib/gcc/nios2-elf/5.3.0/../../../../../H-x86_64-mingw32/nios2-elf/lib/mno-hw-mul\libsmallc.a(lib_a-strcmp.o)

.debug_str      0x0000000000000000     0x164c
 *(.debug_str)
 .debug_str     0x0000000000000000      0x3d7 obj/default/hello_world_small.o
                                        0x426 (size before relaxing)
 .debug_str     0x00000000000003d7      0x187 c:/intelfpga_lite/18.1/nios2eds/bin/gnu/h-x86_64-mingw32/bin/../lib/gcc/nios2-elf/5.3.0/mno-hw-mul\libgcc.a(lib2-divmod.o)
                                        0x1d2 (size before relaxing)
 .debug_str     0x000000000000055e       0x40 c:/intelfpga_lite/18.1/nios2eds/bin/gnu/h-x86_64-mingw32/bin/../lib/gcc/nios2-elf/5.3.0/mno-hw-mul\libgcc.a(lib2-mul.o)
                                        0x193 (size before relaxing)
 .debug_str     0x000000000000059e      0x13a c:/intelfpga_lite/18.1/nios2eds/bin/gnu/h-x86_64-mingw32/bin/../lib/gcc/nios2-elf/5.3.0/../../../../../H-x86_64-mingw32/nios2-elf/lib/mno-hw-mul\libsmallc.a(lib_a-strlen.o)
                                        0x1e5 (size before relaxing)
 .debug_str     0x00000000000006d8       0xde ../reloj_bsp/\libhal_bsp.a(alt_irq_register.o)
                                        0x216 (size before relaxing)
 .debug_str     0x00000000000007b6       0x17 ../reloj_bsp/\libhal_bsp.a(alt_irq_vars.o)
                                        0x148 (size before relaxing)
 .debug_str     0x00000000000007cd      0x15f ../reloj_bsp/\libhal_bsp.a(alt_load.o)
                                        0x24e (size before relaxing)
 .debug_str     0x000000000000092c       0x5e ../reloj_bsp/\libhal_bsp.a(alt_main.o)
                                        0x1ec (size before relaxing)
 .debug_str     0x000000000000098a       0x59 ../reloj_bsp/\libhal_bsp.a(alt_printf.o)
                                        0x118 (size before relaxing)
 .debug_str     0x00000000000009e3       0x59 ../reloj_bsp/\libhal_bsp.a(alt_putchar.o)
                                        0x194 (size before relaxing)
 .debug_str     0x0000000000000a3c       0x15 ../reloj_bsp/\libhal_bsp.a(alt_putstr.o)
                                        0x199 (size before relaxing)
 .debug_str     0x0000000000000a51      0x2ed ../reloj_bsp/\libhal_bsp.a(alt_sys_init.o)
                                        0x4d7 (size before relaxing)
 .debug_str     0x0000000000000d3e       0x32 ../reloj_bsp/\libhal_bsp.a(altera_avalon_jtag_uart_write.o)
                                        0x244 (size before relaxing)
 .debug_str     0x0000000000000d70       0xc6 ../reloj_bsp/\libhal_bsp.a(altera_up_avalon_video_character_buffer_with_dma.o)
                                        0x344 (size before relaxing)
 .debug_str     0x0000000000000e36       0x1f ../reloj_bsp/\libhal_bsp.a(alt_dcache_flush_all.o)
                                        0x163 (size before relaxing)
 .debug_str     0x0000000000000e55      0x12c ../reloj_bsp/\libhal_bsp.a(alt_dev.o)
                                        0x313 (size before relaxing)
 .debug_str     0x0000000000000f81       0x48 ../reloj_bsp/\libhal_bsp.a(alt_dev_llist_insert.o)
                                        0x1de (size before relaxing)
 .debug_str     0x0000000000000fc9       0x14 ../reloj_bsp/\libhal_bsp.a(alt_errno.o)
                                        0x157 (size before relaxing)
 .debug_str     0x0000000000000fdd       0x1e ../reloj_bsp/\libhal_bsp.a(alt_find_dev.o)
                                        0x208 (size before relaxing)
 .debug_str     0x0000000000000ffb       0x1f ../reloj_bsp/\libhal_bsp.a(alt_icache_flush_all.o)
                                        0x163 (size before relaxing)
 .debug_str     0x000000000000101a       0x3a ../reloj_bsp/\libhal_bsp.a(alt_irq_handler.o)
                                        0x1c6 (size before relaxing)
 .debug_str     0x0000000000001054       0x20 ../reloj_bsp/\libhal_bsp.a(altera_nios2_gen2_irq.o)
                                        0x193 (size before relaxing)
 .debug_str     0x0000000000001074      0x48b ../reloj_bsp/\libhal_bsp.a(alt_instruction_exception_entry.o)
                                        0x5ae (size before relaxing)
 .debug_str     0x00000000000014ff       0xd3 c:/intelfpga_lite/18.1/nios2eds/bin/gnu/h-x86_64-mingw32/bin/../lib/gcc/nios2-elf/5.3.0/../../../../../H-x86_64-mingw32/nios2-elf/lib/mno-hw-mul\libsmallc.a(lib_a-int_errno.o)
                                        0x1d8 (size before relaxing)
 .debug_str     0x00000000000015d2       0x3d c:/intelfpga_lite/18.1/nios2eds/bin/gnu/h-x86_64-mingw32/bin/../lib/gcc/nios2-elf/5.3.0/../../../../../H-x86_64-mingw32/nios2-elf/lib/mno-hw-mul\libsmallc.a(lib_a-memcmp.o)
                                        0x1df (size before relaxing)
 .debug_str     0x000000000000160f       0x3d c:/intelfpga_lite/18.1/nios2eds/bin/gnu/h-x86_64-mingw32/bin/../lib/gcc/nios2-elf/5.3.0/../../../../../H-x86_64-mingw32/nios2-elf/lib/mno-hw-mul\libsmallc.a(lib_a-strcmp.o)
                                        0x1d8 (size before relaxing)

.debug_loc      0x0000000000000000     0x11cf
 *(.debug_loc)
 .debug_loc     0x0000000000000000      0x3af obj/default/hello_world_small.o
 .debug_loc     0x00000000000003af      0x4ce c:/intelfpga_lite/18.1/nios2eds/bin/gnu/h-x86_64-mingw32/bin/../lib/gcc/nios2-elf/5.3.0/mno-hw-mul\libgcc.a(lib2-divmod.o)
 .debug_loc     0x000000000000087d       0x93 c:/intelfpga_lite/18.1/nios2eds/bin/gnu/h-x86_64-mingw32/bin/../lib/gcc/nios2-elf/5.3.0/mno-hw-mul\libgcc.a(lib2-mul.o)
 .debug_loc     0x0000000000000910       0x1e c:/intelfpga_lite/18.1/nios2eds/bin/gnu/h-x86_64-mingw32/bin/../lib/gcc/nios2-elf/5.3.0/../../../../../H-x86_64-mingw32/nios2-elf/lib/mno-hw-mul\libsmallc.a(lib_a-strlen.o)
 .debug_loc     0x000000000000092e       0xfa ../reloj_bsp/\libhal_bsp.a(alt_irq_register.o)
 .debug_loc     0x0000000000000a28      0x1de ../reloj_bsp/\libhal_bsp.a(alt_printf.o)
 .debug_loc     0x0000000000000c06       0x2c ../reloj_bsp/\libhal_bsp.a(alt_putchar.o)
 .debug_loc     0x0000000000000c32       0x37 ../reloj_bsp/\libhal_bsp.a(alt_putstr.o)
 .debug_loc     0x0000000000000c69       0x51 ../reloj_bsp/\libhal_bsp.a(alt_sys_init.o)
 .debug_loc     0x0000000000000cba       0x8b ../reloj_bsp/\libhal_bsp.a(altera_avalon_jtag_uart_write.o)
 .debug_loc     0x0000000000000d45      0x1e7 ../reloj_bsp/\libhal_bsp.a(altera_up_avalon_video_character_buffer_with_dma.o)
 .debug_loc     0x0000000000000f2c       0x7e ../reloj_bsp/\libhal_bsp.a(alt_dev_llist_insert.o)
 .debug_loc     0x0000000000000faa       0x7e ../reloj_bsp/\libhal_bsp.a(alt_find_dev.o)
 .debug_loc     0x0000000000001028       0x72 ../reloj_bsp/\libhal_bsp.a(alt_irq_handler.o)
 .debug_loc     0x000000000000109a       0x65 ../reloj_bsp/\libhal_bsp.a(alt_instruction_exception_entry.o)
 .debug_loc     0x00000000000010ff       0x94 c:/intelfpga_lite/18.1/nios2eds/bin/gnu/h-x86_64-mingw32/bin/../lib/gcc/nios2-elf/5.3.0/../../../../../H-x86_64-mingw32/nios2-elf/lib/mno-hw-mul\libsmallc.a(lib_a-memcmp.o)
 .debug_loc     0x0000000000001193       0x3c c:/intelfpga_lite/18.1/nios2eds/bin/gnu/h-x86_64-mingw32/bin/../lib/gcc/nios2-elf/5.3.0/../../../../../H-x86_64-mingw32/nios2-elf/lib/mno-hw-mul\libsmallc.a(lib_a-strcmp.o)

.debug_macinfo
 *(.debug_macinfo)

.debug_weaknames
 *(.debug_weaknames)

.debug_funcnames
 *(.debug_funcnames)

.debug_typenames
 *(.debug_typenames)

.debug_varnames
 *(.debug_varnames)

.debug_alt_sim_info
                0x0000000000000000       0x10
 *(.debug_alt_sim_info)
 .debug_alt_sim_info
                0x0000000000000000       0x10 ../reloj_bsp//obj/HAL/src/crt0.o
                0x0000000000002000                __alt_data_end = 0x2000
                0x0000000000002000                PROVIDE (__alt_stack_pointer, __alt_data_end)
                [!provide]                        PROVIDE (__alt_stack_limit, __alt_stack_base)
                [!provide]                        PROVIDE (__alt_heap_start, end)
                [!provide]                        PROVIDE (__alt_heap_limit, 0x2000)
OUTPUT(reloj.elf elf32-littlenios2)

.debug_ranges   0x0000000000000000      0x250
 .debug_ranges  0x0000000000000000       0x20 ../reloj_bsp//obj/HAL/src/crt0.o
 .debug_ranges  0x0000000000000020       0x68 obj/default/hello_world_small.o
 .debug_ranges  0x0000000000000088       0x60 c:/intelfpga_lite/18.1/nios2eds/bin/gnu/h-x86_64-mingw32/bin/../lib/gcc/nios2-elf/5.3.0/mno-hw-mul\libgcc.a(lib2-divmod.o)
 .debug_ranges  0x00000000000000e8       0x10 c:/intelfpga_lite/18.1/nios2eds/bin/gnu/h-x86_64-mingw32/bin/../lib/gcc/nios2-elf/5.3.0/../../../../../H-x86_64-mingw32/nios2-elf/lib/mno-hw-mul\libsmallc.a(lib_a-strlen.o)
 .debug_ranges  0x00000000000000f8       0x48 ../reloj_bsp/\libhal_bsp.a(alt_load.o)
 .debug_ranges  0x0000000000000140       0x18 ../reloj_bsp/\libhal_bsp.a(alt_printf.o)
 .debug_ranges  0x0000000000000158       0x38 ../reloj_bsp/\libhal_bsp.a(alt_sys_init.o)
 .debug_ranges  0x0000000000000190       0x20 ../reloj_bsp/\libhal_bsp.a(alt_dev_llist_insert.o)
 .debug_ranges  0x00000000000001b0       0x28 ../reloj_bsp/\libhal_bsp.a(alt_irq_entry.o)
 .debug_ranges  0x00000000000001d8       0x10 ../reloj_bsp/\libhal_bsp.a(alt_irq_handler.o)
 .debug_ranges  0x00000000000001e8       0x30 ../reloj_bsp/\libhal_bsp.a(alt_exception_entry.o)
 .debug_ranges  0x0000000000000218       0x18 ../reloj_bsp/\libhal_bsp.a(alt_instruction_exception_entry.o)
 .debug_ranges  0x0000000000000230       0x10 c:/intelfpga_lite/18.1/nios2eds/bin/gnu/h-x86_64-mingw32/bin/../lib/gcc/nios2-elf/5.3.0/../../../../../H-x86_64-mingw32/nios2-elf/lib/mno-hw-mul\libsmallc.a(lib_a-memcmp.o)
 .debug_ranges  0x0000000000000240       0x10 c:/intelfpga_lite/18.1/nios2eds/bin/gnu/h-x86_64-mingw32/bin/../lib/gcc/nios2-elf/5.3.0/../../../../../H-x86_64-mingw32/nios2-elf/lib/mno-hw-mul\libsmallc.a(lib_a-strcmp.o)
